[RocketSim] Trainer started at 2026-08-27T06:19:01.7330351Z
[RocketSim] Working directory: C:\Users\dadii\Falcon9
[RocketSim] Command: C:\Users\dadii\Anaconda3\envs\mlagents_gpu\python.exe -u -m mlagents.trainers.learn "C:\Users\dadii\Falcon9\results\L1\TrainingConfig.yaml" --run-id="L1" --force --torch-device "cuda" --seed 1


	Unity Technologies

 Version information:
  ml-agents: 1.1.0,
  ml-agents-envs: 1.1.0,
  Communicator API: 1.5.0,
  PyTorch: 2.1.0+cu121
E0827 08:19:06.259000000 16104 src/core/ext/transport/chttp2/server/chttp2_server.cc:1080] UNKNOWN:No address added out of total 1 resolved for '[::]:5004' {created_time:"2026-08-27T06:19:06.2595064+00:00", children:[UNKNOWN:Failed to add port to server {created_time:"2026-08-27T06:19:06.2595012+00:00", children:[UNAVAILABLE:WSA Error {syscall:"bind", os_error:"Only one usage of each socket address (protocol/network address/port) is normally permitted.\r\n", grpc_status:14, wsa_error:10048, created_time:"2026-08-27T06:19:06.2594332+00:00"}]}]}
[ERROR] UnityEnvironment worker 0: environment raised an unexpected exception.
Traceback (most recent call last):
  File "C:\Users\dadii\Anaconda3\envs\mlagents_gpu\lib\site-packages\mlagents_envs\rpc_communicator.py", line 71, in create_server
    self.server.add_insecure_port("[::]:" + str(self.port))
  File "C:\Users\dadii\Anaconda3\envs\mlagents_gpu\lib\site-packages\grpc\_server.py", line 969, in add_insecure_port
    return _common.validate_port_binding_result(
  File "C:\Users\dadii\Anaconda3\envs\mlagents_gpu\lib\site-packages\grpc\_common.py", line 166, in validate_port_binding_result
    raise RuntimeError(_ERROR_MESSAGE_PORT_BINDING_FAILED % address)
RuntimeError: Failed to bind to address [::]:5004; set GRPC_VERBOSITY=debug environment variable to see detailed error message.

During handling of the above exception, another exception occurred:

Traceback (most recent call last):
  File "C:\Users\dadii\Anaconda3\envs\mlagents_gpu\lib\site-packages\mlagents\trainers\subprocess_env_manager.py", line 163, in worker
    env = env_factory(worker_id, side_channels)
  File "C:\Users\dadii\Anaconda3\envs\mlagents_gpu\lib\site-packages\mlagents\trainers\learn.py", line 191, in create_unity_environment
    return UnityEnvironment(
  File "C:\Users\dadii\Anaconda3\envs\mlagents_gpu\lib\site-packages\mlagents_envs\environment.py", line 189, in __init__
    self._communicator = self._get_communicator(worker_id, base_port, timeout_wait)
  File "C:\Users\dadii\Anaconda3\envs\mlagents_gpu\lib\site-packages\mlagents_envs\environment.py", line 267, in _get_communicator
    return RpcCommunicator(worker_id, base_port, timeout_wait)
  File "C:\Users\dadii\Anaconda3\envs\mlagents_gpu\lib\site-packages\mlagents_envs\rpc_communicator.py", line 51, in __init__
    self.create_server()
  File "C:\Users\dadii\Anaconda3\envs\mlagents_gpu\lib\site-packages\mlagents_envs\rpc_communicator.py", line 75, in create_server
    raise UnityWorkerInUseException(self.worker_id)
mlagents_envs.exception.UnityWorkerInUseException: Couldn't start socket communication because worker number 0 is still in use. You may need to manually close a previously opened environment or use a different worker number.
Exception ignored in atexit callback: <bound method UnityEnvironment._close of <mlagents_envs.environment.UnityEnvironment object at 0x0000018D9F534040>>
Traceback (most recent call last):
  File "C:\Users\dadii\Anaconda3\envs\mlagents_gpu\lib\site-packages\mlagents_envs\environment.py", line 439, in _close
    self._communicator.close()
AttributeError: 'UnityEnvironment' object has no attribute '_communicator'
Traceback (most recent call last):
  File "C:\Users\dadii\Anaconda3\envs\mlagents_gpu\lib\runpy.py", line 196, in _run_module_as_main
    return _run_code(code, main_globals, None,
  File "C:\Users\dadii\Anaconda3\envs\mlagents_gpu\lib\runpy.py", line 86, in _run_code
    exec(code, run_globals)
  File "C:\Users\dadii\Anaconda3\envs\mlagents_gpu\lib\site-packages\mlagents\trainers\learn.py", line 275, in <module>
    main()
  File "C:\Users\dadii\Anaconda3\envs\mlagents_gpu\lib\site-packages\mlagents\trainers\learn.py", line 270, in main
    run_cli(parse_command_line())
  File "C:\Users\dadii\Anaconda3\envs\mlagents_gpu\lib\site-packages\mlagents\trainers\learn.py", line 266, in run_cli
    run_training(run_seed, options, num_areas)
  File "C:\Users\dadii\Anaconda3\envs\mlagents_gpu\lib\site-packages\mlagents\trainers\learn.py", line 138, in run_training
    tc.start_learning(env_manager)
  File "C:\Users\dadii\Anaconda3\envs\mlagents_gpu\lib\site-packages\mlagents_envs\timers.py", line 305, in wrapped
    return func(*args, **kwargs)
  File "C:\Users\dadii\Anaconda3\envs\mlagents_gpu\lib\site-packages\mlagents\trainers\trainer_controller.py", line 172, in start_learning
    self._reset_env(env_manager)
  File "C:\Users\dadii\Anaconda3\envs\mlagents_gpu\lib\site-packages\mlagents_envs\timers.py", line 305, in wrapped
    return func(*args, **kwargs)
  File "C:\Users\dadii\Anaconda3\envs\mlagents_gpu\lib\site-packages\mlagents\trainers\trainer_controller.py", line 105, in _reset_env
    env_manager.reset(config=new_config)
  File "C:\Users\dadii\Anaconda3\envs\mlagents_gpu\lib\site-packages\mlagents\trainers\env_manager.py", line 68, in reset
    self.first_step_infos = self._reset_env(config)
  File "C:\Users\dadii\Anaconda3\envs\mlagents_gpu\lib\site-packages\mlagents\trainers\subprocess_env_manager.py", line 446, in _reset_env
    ew.previous_step = EnvironmentStep(ew.recv().payload, ew.worker_id, {}, {})
  File "C:\Users\dadii\Anaconda3\envs\mlagents_gpu\lib\site-packages\mlagents\trainers\subprocess_env_manager.py", line 101, in recv
    raise env_exception
mlagents_envs.exception.UnityWorkerInUseException: Couldn't start socket communication because worker number Couldn't start socket communication because worker number 0 is still in use. You may need to manually close a previously opened environment or use a different worker number. is still in use. You may need to manually close a previously opened environment or use a different worker number.
