[RocketSim] Trainer started at 2026-08-29T17:49:48.5323838Z
[RocketSim] Working directory: C:\Users\dadii\Falcon9
[RocketSim] Command: C:\Users\dadii\Anaconda3\envs\mlagents_gpu\python.exe -u -m mlagents.trainers.learn "C:\Users\dadii\Falcon9\results\L7\TrainingConfig.yaml" --run-id="L7" --force --torch-device "cuda" --seed 1


	Unity Technologies

 Version information:
  ml-agents: 1.1.0,
  ml-agents-envs: 1.1.0,
  Communicator API: 1.5.0,
  PyTorch: 2.1.0+cu121
[INFO] Listening on port 5004. Start training by pressing the Play button in the Unity Editor.
[INFO] Connected to Unity environment with package version 4.0.2 and communication version 1.5.0
[INFO] Connected new brain: Rocket?team=0
[INFO] Hyperparameters for behavior name Rocket: 
	trainer_type:	ppo
	hyperparameters:	
	  batch_size:	4096
	  buffer_size:	40960
	  learning_rate:	0.0002
	  beta:	0.01
	  epsilon:	0.2
	  lambd:	0.98
	  num_epoch:	6
	  shared_critic:	False
	  learning_rate_schedule:	linear
	  beta_schedule:	linear
	  epsilon_schedule:	linear
	checkpoint_interval:	500000
	network_settings:	
	  normalize:	True
	  hidden_units:	512
	  num_layers:	3
	  vis_encode_type:	simple
	  memory:	None
	  goal_conditioning_type:	hyper
	  deterministic:	False
	reward_signals:	
	  extrinsic:	
	    gamma:	0.9995
	    strength:	1.0
	    network_settings:	
	      normalize:	False
	      hidden_units:	128
	      num_layers:	2
	      vis_encode_type:	simple
	      memory:	None
	      goal_conditioning_type:	hyper
	      deterministic:	False
	init_path:	None
	keep_checkpoints:	60
	even_checkpoints:	False
	max_steps:	30000000
	time_horizon:	1024
	summary_freq:	20000
	threaded:	True
	self_play:	None
	behavioral_cloning:	None
[INFO] Rocket. Step: 20000. Time Elapsed: 20.033 s. Mean Reward: -58.793. Std of Reward: 1.633. Training.
[INFO] Rocket. Step: 40000. Time Elapsed: 35.276 s. Mean Reward: -58.935. Std of Reward: 1.829. Training.
[INFO] Rocket. Step: 60000. Time Elapsed: 55.700 s. Mean Reward: -58.435. Std of Reward: 1.661. Training.
[INFO] Rocket. Step: 80000. Time Elapsed: 70.287 s. Mean Reward: -59.109. Std of Reward: 1.905. Training.
[INFO] Rocket. Step: 100000. Time Elapsed: 92.446 s. Mean Reward: -58.697. Std of Reward: 1.600. Training.
[INFO] Rocket. Step: 120000. Time Elapsed: 104.786 s. Mean Reward: -58.609. Std of Reward: 1.194. Training.
[INFO] Rocket. Step: 140000. Time Elapsed: 124.176 s. Mean Reward: -58.767. Std of Reward: 1.432. Training.
[INFO] Rocket. Step: 160000. Time Elapsed: 138.534 s. Mean Reward: -59.127. Std of Reward: 1.741. Training.
[INFO] Rocket. Step: 180000. Time Elapsed: 159.681 s. Mean Reward: -58.833. Std of Reward: 1.835. Training.
[INFO] Rocket. Step: 200000. Time Elapsed: 172.586 s. Mean Reward: -58.672. Std of Reward: 1.541. Training.
[INFO] Rocket. Step: 220000. Time Elapsed: 194.331 s. Mean Reward: -59.187. Std of Reward: 1.626. Training.
[INFO] Rocket. Step: 240000. Time Elapsed: 207.748 s. Mean Reward: -58.679. Std of Reward: 1.574. Training.
[INFO] Rocket. Step: 260000. Time Elapsed: 228.203 s. Mean Reward: -59.055. Std of Reward: 1.719. Training.
[INFO] Rocket. Step: 280000. Time Elapsed: 242.253 s. Mean Reward: -59.271. Std of Reward: 1.716. Training.
[INFO] Rocket. Step: 300000. Time Elapsed: 263.594 s. Mean Reward: -59.001. Std of Reward: 1.296. Training.
[INFO] Rocket. Step: 320000. Time Elapsed: 277.233 s. Mean Reward: -59.227. Std of Reward: 1.818. Training.
[INFO] Rocket. Step: 340000. Time Elapsed: 297.959 s. Mean Reward: -58.936. Std of Reward: 1.531. Training.
[INFO] Rocket. Step: 360000. Time Elapsed: 312.490 s. Mean Reward: -59.340. Std of Reward: 1.665. Training.
[INFO] Rocket. Step: 380000. Time Elapsed: 332.657 s. Mean Reward: -58.737. Std of Reward: 1.525. Training.
[INFO] Rocket. Step: 400000. Time Elapsed: 346.627 s. Mean Reward: -59.075. Std of Reward: 2.001. Training.
[INFO] Rocket. Step: 420000. Time Elapsed: 367.780 s. Mean Reward: -58.974. Std of Reward: 1.759. Training.
[INFO] Rocket. Step: 440000. Time Elapsed: 381.266 s. Mean Reward: -59.188. Std of Reward: 1.461. Training.
[INFO] Rocket. Step: 460000. Time Elapsed: 401.124 s. Mean Reward: -59.814. Std of Reward: 1.664. Training.
[INFO] Rocket. Step: 480000. Time Elapsed: 415.973 s. Mean Reward: -58.520. Std of Reward: 1.524. Training.
[INFO] Rocket. Step: 500000. Time Elapsed: 436.633 s. Mean Reward: -59.855. Std of Reward: 2.382. Training.
[INFO] Exported results\L7\Rocket\Rocket-499911.onnx
[INFO] Rocket. Step: 520000. Time Elapsed: 450.620 s. Mean Reward: -58.976. Std of Reward: 1.751. Training.
[INFO] Rocket. Step: 540000. Time Elapsed: 470.933 s. Mean Reward: -59.380. Std of Reward: 2.146. Training.
[INFO] Rocket. Step: 560000. Time Elapsed: 485.380 s. Mean Reward: -58.978. Std of Reward: 1.435. Training.
[INFO] Rocket. Step: 580000. Time Elapsed: 505.807 s. Mean Reward: -59.383. Std of Reward: 1.855. Training.
[INFO] Rocket. Step: 600000. Time Elapsed: 519.976 s. Mean Reward: -59.566. Std of Reward: 1.861. Training.
[INFO] Rocket. Step: 620000. Time Elapsed: 540.855 s. Mean Reward: -59.416. Std of Reward: 1.362. Training.
[INFO] Rocket. Step: 640000. Time Elapsed: 554.396 s. Mean Reward: -60.130. Std of Reward: 2.306. Training.
[INFO] Rocket. Step: 660000. Time Elapsed: 569.645 s. Mean Reward: -58.811. Std of Reward: 1.997. Training.
[INFO] Rocket. Step: 680000. Time Elapsed: 589.868 s. Mean Reward: -59.854. Std of Reward: 1.675. Training.
[INFO] Rocket. Step: 700000. Time Elapsed: 603.328 s. Mean Reward: -58.924. Std of Reward: 3.169. Training.
[INFO] Rocket. Step: 720000. Time Elapsed: 623.347 s. Mean Reward: -58.997. Std of Reward: 2.046. Training.
[INFO] Rocket. Step: 740000. Time Elapsed: 637.897 s. Mean Reward: -58.829. Std of Reward: 1.933. Training.
[INFO] Rocket. Step: 760000. Time Elapsed: 658.912 s. Mean Reward: -59.484. Std of Reward: 2.257. Training.
[INFO] Rocket. Step: 780000. Time Elapsed: 673.639 s. Mean Reward: -59.446. Std of Reward: 1.970. Training.
[INFO] Rocket. Step: 800000. Time Elapsed: 693.628 s. Mean Reward: -59.647. Std of Reward: 2.223. Training.
[INFO] Rocket. Step: 820000. Time Elapsed: 707.892 s. Mean Reward: -59.569. Std of Reward: 1.788. Training.
[INFO] Rocket. Step: 840000. Time Elapsed: 728.979 s. Mean Reward: -58.541. Std of Reward: 3.283. Training.
[INFO] Rocket. Step: 860000. Time Elapsed: 742.294 s. Mean Reward: -59.143. Std of Reward: 1.986. Training.
[INFO] Rocket. Step: 880000. Time Elapsed: 764.288 s. Mean Reward: -59.030. Std of Reward: 2.823. Training.
[INFO] Rocket. Step: 900000. Time Elapsed: 776.961 s. Mean Reward: -58.960. Std of Reward: 3.581. Training.
[INFO] Rocket. Step: 920000. Time Elapsed: 797.056 s. Mean Reward: -59.368. Std of Reward: 1.732. Training.
[INFO] Rocket. Step: 940000. Time Elapsed: 812.236 s. Mean Reward: -57.566. Std of Reward: 4.927. Training.
[INFO] Rocket. Step: 960000. Time Elapsed: 832.350 s. Mean Reward: -58.714. Std of Reward: 5.054. Training.
[INFO] Rocket. Step: 980000. Time Elapsed: 846.013 s. Mean Reward: -59.655. Std of Reward: 2.795. Training.
[INFO] Rocket. Step: 1000000. Time Elapsed: 867.258 s. Mean Reward: -57.711. Std of Reward: 4.459. Training.
[INFO] Exported results\L7\Rocket\Rocket-999815.onnx
[INFO] Rocket. Step: 1020000. Time Elapsed: 880.645 s. Mean Reward: -58.188. Std of Reward: 4.356. Training.
[INFO] Rocket. Step: 1040000. Time Elapsed: 901.756 s. Mean Reward: -58.736. Std of Reward: 2.936. Training.
[INFO] Rocket. Step: 1060000. Time Elapsed: 916.483 s. Mean Reward: -57.008. Std of Reward: 5.018. Training.
[INFO] Rocket. Step: 1080000. Time Elapsed: 936.214 s. Mean Reward: -58.832. Std of Reward: 3.352. Training.
[INFO] Rocket. Step: 1100000. Time Elapsed: 950.245 s. Mean Reward: -55.989. Std of Reward: 6.643. Training.
[INFO] Rocket. Step: 1120000. Time Elapsed: 971.006 s. Mean Reward: -55.664. Std of Reward: 5.999. Training.
[INFO] Rocket. Step: 1140000. Time Elapsed: 985.896 s. Mean Reward: -55.813. Std of Reward: 5.954. Training.
[INFO] Rocket. Step: 1160000. Time Elapsed: 1006.664 s. Mean Reward: -55.964. Std of Reward: 7.436. Training.
[INFO] Rocket. Step: 1180000. Time Elapsed: 1020.032 s. Mean Reward: -57.494. Std of Reward: 4.709. Training.
[INFO] Rocket. Step: 1200000. Time Elapsed: 1041.183 s. Mean Reward: -54.213. Std of Reward: 6.567. Training.
[INFO] Rocket. Step: 1220000. Time Elapsed: 1054.336 s. Mean Reward: -56.152. Std of Reward: 4.915. Training.
[INFO] Rocket. Step: 1240000. Time Elapsed: 1076.467 s. Mean Reward: -54.687. Std of Reward: 5.944. Training.
[INFO] Rocket. Step: 1260000. Time Elapsed: 1089.523 s. Mean Reward: -53.000. Std of Reward: 6.454. Training.
[INFO] Rocket. Step: 1280000. Time Elapsed: 1112.507 s. Mean Reward: -51.105. Std of Reward: 6.931. Training.
[INFO] Rocket. Step: 1300000. Time Elapsed: 1124.307 s. Mean Reward: -51.766. Std of Reward: 7.751. Training.
[INFO] Rocket. Step: 1320000. Time Elapsed: 1138.897 s. Mean Reward: -53.800. Std of Reward: 5.761. Training.
[INFO] Rocket. Step: 1340000. Time Elapsed: 1158.933 s. Mean Reward: -51.545. Std of Reward: 7.225. Training.
[INFO] Rocket. Step: 1360000. Time Elapsed: 1173.408 s. Mean Reward: -53.275. Std of Reward: 6.182. Training.
[INFO] Rocket. Step: 1380000. Time Elapsed: 1194.046 s. Mean Reward: -51.357. Std of Reward: 6.229. Training.
[INFO] Rocket. Step: 1400000. Time Elapsed: 1207.695 s. Mean Reward: -52.221. Std of Reward: 5.839. Training.
[INFO] Rocket. Step: 1420000. Time Elapsed: 1229.048 s. Mean Reward: -49.180. Std of Reward: 6.416. Training.
[INFO] Rocket. Step: 1440000. Time Elapsed: 1242.863 s. Mean Reward: -52.280. Std of Reward: 6.860. Training.
[INFO] Rocket. Step: 1460000. Time Elapsed: 1262.962 s. Mean Reward: -50.352. Std of Reward: 5.560. Training.
[INFO] Rocket. Step: 1480000. Time Elapsed: 1277.661 s. Mean Reward: -50.614. Std of Reward: 7.529. Training.
[INFO] Rocket. Step: 1500000. Time Elapsed: 1299.061 s. Mean Reward: -49.833. Std of Reward: 6.028. Training.
[INFO] Exported results\L7\Rocket\Rocket-1499803.onnx
[INFO] Rocket. Step: 1520000. Time Elapsed: 1312.444 s. Mean Reward: -49.637. Std of Reward: 6.163. Training.
[INFO] Rocket. Step: 1540000. Time Elapsed: 1332.900 s. Mean Reward: -50.283. Std of Reward: 5.869. Training.
[INFO] Rocket. Step: 1560000. Time Elapsed: 1348.365 s. Mean Reward: -48.767. Std of Reward: 6.634. Training.
[INFO] Rocket. Step: 1580000. Time Elapsed: 1368.357 s. Mean Reward: -48.766. Std of Reward: 5.754. Training.
[INFO] Rocket. Step: 1600000. Time Elapsed: 1383.584 s. Mean Reward: -49.018. Std of Reward: 5.473. Training.
[INFO] Rocket. Step: 1620000. Time Elapsed: 1403.339 s. Mean Reward: -48.181. Std of Reward: 5.548. Training.
[INFO] Rocket. Step: 1640000. Time Elapsed: 1417.478 s. Mean Reward: -47.707. Std of Reward: 4.746. Training.
[INFO] Rocket. Step: 1660000. Time Elapsed: 1438.500 s. Mean Reward: -46.682. Std of Reward: 4.302. Training.
[INFO] Rocket. Step: 1680000. Time Elapsed: 1452.791 s. Mean Reward: -47.564. Std of Reward: 5.236. Training.
[INFO] Rocket. Step: 1700000. Time Elapsed: 1472.777 s. Mean Reward: -46.250. Std of Reward: 5.312. Training.
[INFO] Rocket. Step: 1720000. Time Elapsed: 1487.363 s. Mean Reward: -46.328. Std of Reward: 3.810. Training.
[INFO] Rocket. Step: 1740000. Time Elapsed: 1507.805 s. Mean Reward: -46.928. Std of Reward: 4.598. Training.
[INFO] Rocket. Step: 1760000. Time Elapsed: 1521.993 s. Mean Reward: -45.841. Std of Reward: 3.356. Training.
[INFO] Rocket. Step: 1780000. Time Elapsed: 1542.405 s. Mean Reward: -46.565. Std of Reward: 4.053. Training.
[INFO] Rocket. Step: 1800000. Time Elapsed: 1557.499 s. Mean Reward: -45.761. Std of Reward: 3.460. Training.
[INFO] Rocket. Step: 1820000. Time Elapsed: 1578.106 s. Mean Reward: -45.410. Std of Reward: 3.440. Training.
[INFO] Rocket. Step: 1840000. Time Elapsed: 1591.813 s. Mean Reward: -46.493. Std of Reward: 4.805. Training.
[INFO] Rocket. Step: 1860000. Time Elapsed: 1613.184 s. Mean Reward: -45.655. Std of Reward: 3.130. Training.
[INFO] Rocket. Step: 1880000. Time Elapsed: 1627.090 s. Mean Reward: -45.928. Std of Reward: 4.209. Training.
[INFO] Rocket. Step: 1900000. Time Elapsed: 1647.856 s. Mean Reward: -45.301. Std of Reward: 3.364. Training.
[INFO] Rocket. Step: 1920000. Time Elapsed: 1662.829 s. Mean Reward: -45.005. Std of Reward: 4.114. Training.
[INFO] Rocket. Step: 1940000. Time Elapsed: 1683.207 s. Mean Reward: -45.838. Std of Reward: 4.335. Training.
[INFO] Rocket. Step: 1960000. Time Elapsed: 1697.059 s. Mean Reward: -45.696. Std of Reward: 2.332. Training.
[INFO] Rocket. Step: 1980000. Time Elapsed: 1719.105 s. Mean Reward: -45.344. Std of Reward: 3.625. Training.
[INFO] Rocket. Step: 2000000. Time Elapsed: 1732.721 s. Mean Reward: -45.104. Std of Reward: 3.978. Training.
[INFO] Exported results\L7\Rocket\Rocket-1999912.onnx
[INFO] Rocket. Step: 2020000. Time Elapsed: 1747.257 s. Mean Reward: -45.694. Std of Reward: 2.840. Training.
[INFO] Rocket. Step: 2040000. Time Elapsed: 1767.970 s. Mean Reward: -45.145. Std of Reward: 4.365. Training.
[INFO] Rocket. Step: 2060000. Time Elapsed: 1782.571 s. Mean Reward: -45.384. Std of Reward: 3.243. Training.
[INFO] Rocket. Step: 2080000. Time Elapsed: 1803.341 s. Mean Reward: -44.978. Std of Reward: 3.279. Training.
[INFO] Rocket. Step: 2100000. Time Elapsed: 1817.754 s. Mean Reward: -45.408. Std of Reward: 3.805. Training.
[INFO] Rocket. Step: 2120000. Time Elapsed: 1838.664 s. Mean Reward: -45.175. Std of Reward: 4.105. Training.
[INFO] Rocket. Step: 2140000. Time Elapsed: 1852.813 s. Mean Reward: -45.138. Std of Reward: 3.613. Training.
[INFO] Rocket. Step: 2160000. Time Elapsed: 1873.842 s. Mean Reward: -45.300. Std of Reward: 3.416. Training.
[INFO] Rocket. Step: 2180000. Time Elapsed: 1888.566 s. Mean Reward: -44.680. Std of Reward: 3.626. Training.
[INFO] Rocket. Step: 2200000. Time Elapsed: 1909.499 s. Mean Reward: -45.364. Std of Reward: 2.891. Training.
[INFO] Rocket. Step: 2220000. Time Elapsed: 1924.316 s. Mean Reward: -45.782. Std of Reward: 2.718. Training.
[INFO] Rocket. Step: 2240000. Time Elapsed: 1944.992 s. Mean Reward: -44.982. Std of Reward: 3.722. Training.
[INFO] Rocket. Step: 2260000. Time Elapsed: 1959.409 s. Mean Reward: -45.384. Std of Reward: 3.339. Training.
[INFO] Rocket. Step: 2280000. Time Elapsed: 1979.582 s. Mean Reward: -45.277. Std of Reward: 4.113. Training.
[INFO] Rocket. Step: 2300000. Time Elapsed: 1994.571 s. Mean Reward: -45.083. Std of Reward: 4.396. Training.
[INFO] Rocket. Step: 2320000. Time Elapsed: 2015.043 s. Mean Reward: -45.099. Std of Reward: 3.348. Training.
[INFO] Rocket. Step: 2340000. Time Elapsed: 2029.575 s. Mean Reward: -44.905. Std of Reward: 4.129. Training.
[INFO] Rocket. Step: 2360000. Time Elapsed: 2050.523 s. Mean Reward: -44.435. Std of Reward: 4.729. Training.
[INFO] Rocket. Step: 2380000. Time Elapsed: 2064.708 s. Mean Reward: -44.955. Std of Reward: 4.177. Training.
[INFO] Rocket. Step: 2400000. Time Elapsed: 2085.872 s. Mean Reward: -44.405. Std of Reward: 3.207. Training.
[INFO] Rocket. Step: 2420000. Time Elapsed: 2099.772 s. Mean Reward: -44.688. Std of Reward: 3.694. Training.
[INFO] Rocket. Step: 2440000. Time Elapsed: 2120.943 s. Mean Reward: -44.537. Std of Reward: 4.158. Training.
[INFO] Rocket. Step: 2460000. Time Elapsed: 2135.086 s. Mean Reward: -45.064. Std of Reward: 3.522. Training.
[INFO] Rocket. Step: 2480000. Time Elapsed: 2156.403 s. Mean Reward: -43.336. Std of Reward: 5.312. Training.
[INFO] Rocket. Step: 2500000. Time Elapsed: 2171.200 s. Mean Reward: -44.531. Std of Reward: 4.085. Training.
[INFO] Exported results\L7\Rocket\Rocket-2499851.onnx
[INFO] Rocket. Step: 2520000. Time Elapsed: 2191.840 s. Mean Reward: -44.540. Std of Reward: 3.149. Training.
[INFO] Rocket. Step: 2540000. Time Elapsed: 2206.843 s. Mean Reward: -43.600. Std of Reward: 4.107. Training.
[INFO] Rocket. Step: 2560000. Time Elapsed: 2227.936 s. Mean Reward: -44.357. Std of Reward: 3.942. Training.
[INFO] Rocket. Step: 2580000. Time Elapsed: 2241.494 s. Mean Reward: -44.343. Std of Reward: 4.777. Training.
[INFO] Rocket. Step: 2600000. Time Elapsed: 2262.670 s. Mean Reward: -43.986. Std of Reward: 3.372. Training.
[INFO] Rocket. Step: 2620000. Time Elapsed: 2277.421 s. Mean Reward: -44.646. Std of Reward: 3.341. Training.
[INFO] Rocket. Step: 2640000. Time Elapsed: 2297.754 s. Mean Reward: -43.760. Std of Reward: 4.445. Training.
[INFO] Rocket. Step: 2660000. Time Elapsed: 2312.400 s. Mean Reward: -44.530. Std of Reward: 4.425. Training.
[INFO] Rocket. Step: 2680000. Time Elapsed: 2333.300 s. Mean Reward: -44.017. Std of Reward: 6.656. Training.
[INFO] Rocket. Step: 2700000. Time Elapsed: 2347.562 s. Mean Reward: -42.734. Std of Reward: 4.318. Training.
[INFO] Rocket. Step: 2720000. Time Elapsed: 2368.622 s. Mean Reward: -43.931. Std of Reward: 4.499. Training.
[INFO] Rocket. Step: 2740000. Time Elapsed: 2382.641 s. Mean Reward: -43.142. Std of Reward: 4.629. Training.
[INFO] Rocket. Step: 2760000. Time Elapsed: 2404.840 s. Mean Reward: -43.274. Std of Reward: 6.920. Training.
[INFO] Rocket. Step: 2780000. Time Elapsed: 2418.155 s. Mean Reward: -43.182. Std of Reward: 4.491. Training.
[INFO] Rocket. Step: 2800000. Time Elapsed: 2432.867 s. Mean Reward: -43.281. Std of Reward: 4.164. Training.
[INFO] Rocket. Step: 2820000. Time Elapsed: 2453.276 s. Mean Reward: -43.497. Std of Reward: 7.044. Training.
[INFO] Rocket. Step: 2840000. Time Elapsed: 2468.000 s. Mean Reward: -43.015. Std of Reward: 4.951. Training.
[INFO] Rocket. Step: 2860000. Time Elapsed: 2488.276 s. Mean Reward: -43.623. Std of Reward: 4.857. Training.
[INFO] Rocket. Step: 2880000. Time Elapsed: 2503.091 s. Mean Reward: -43.263. Std of Reward: 4.170. Training.
[INFO] Rocket. Step: 2900000. Time Elapsed: 2523.621 s. Mean Reward: -43.723. Std of Reward: 4.561. Training.
[INFO] Rocket. Step: 2920000. Time Elapsed: 2538.175 s. Mean Reward: -43.202. Std of Reward: 3.792. Training.
[INFO] Rocket. Step: 2940000. Time Elapsed: 2558.879 s. Mean Reward: -43.324. Std of Reward: 4.297. Training.
[INFO] Rocket. Step: 2960000. Time Elapsed: 2573.458 s. Mean Reward: -42.910. Std of Reward: 4.387. Training.
[INFO] Rocket. Step: 2980000. Time Elapsed: 2594.316 s. Mean Reward: -42.739. Std of Reward: 5.068. Training.
[INFO] Rocket. Step: 3000000. Time Elapsed: 2609.005 s. Mean Reward: -43.543. Std of Reward: 4.262. Training.
[INFO] Exported results\L7\Rocket\Rocket-2999923.onnx
[INFO] Rocket. Step: 3020000. Time Elapsed: 2629.335 s. Mean Reward: -42.707. Std of Reward: 5.039. Training.
[INFO] Rocket. Step: 3040000. Time Elapsed: 2644.119 s. Mean Reward: -42.806. Std of Reward: 4.716. Training.
[INFO] Rocket. Step: 3060000. Time Elapsed: 2664.848 s. Mean Reward: -43.581. Std of Reward: 4.462. Training.
[INFO] Rocket. Step: 3080000. Time Elapsed: 2679.489 s. Mean Reward: -42.207. Std of Reward: 5.466. Training.
[INFO] Rocket. Step: 3100000. Time Elapsed: 2700.524 s. Mean Reward: -42.197. Std of Reward: 5.853. Training.
[INFO] Rocket. Step: 3120000. Time Elapsed: 2714.686 s. Mean Reward: -41.852. Std of Reward: 5.129. Training.
[INFO] Rocket. Step: 3140000. Time Elapsed: 2735.030 s. Mean Reward: -43.793. Std of Reward: 3.406. Training.
[INFO] Rocket. Step: 3160000. Time Elapsed: 2749.556 s. Mean Reward: -42.519. Std of Reward: 4.813. Training.
[INFO] Rocket. Step: 3180000. Time Elapsed: 2770.607 s. Mean Reward: -42.997. Std of Reward: 4.836. Training.
[INFO] Rocket. Step: 3200000. Time Elapsed: 2784.759 s. Mean Reward: -42.950. Std of Reward: 3.863. Training.
[INFO] Rocket. Step: 3220000. Time Elapsed: 2805.603 s. Mean Reward: -42.273. Std of Reward: 4.766. Training.
[INFO] Rocket. Step: 3240000. Time Elapsed: 2819.846 s. Mean Reward: -42.507. Std of Reward: 4.534. Training.
[INFO] Rocket. Step: 3260000. Time Elapsed: 2840.427 s. Mean Reward: -42.107. Std of Reward: 5.003. Training.
[INFO] Rocket. Step: 3280000. Time Elapsed: 2855.372 s. Mean Reward: -42.033. Std of Reward: 6.831. Training.
[INFO] Rocket. Step: 3300000. Time Elapsed: 2875.583 s. Mean Reward: -41.763. Std of Reward: 5.386. Training.
[INFO] Rocket. Step: 3320000. Time Elapsed: 2890.079 s. Mean Reward: -42.282. Std of Reward: 5.198. Training.
[INFO] Rocket. Step: 3340000. Time Elapsed: 2910.853 s. Mean Reward: -42.077. Std of Reward: 5.114. Training.
[INFO] Rocket. Step: 3360000. Time Elapsed: 2925.182 s. Mean Reward: -42.772. Std of Reward: 4.139. Training.
[INFO] Rocket. Step: 3380000. Time Elapsed: 2945.472 s. Mean Reward: -42.480. Std of Reward: 4.958. Training.
[INFO] Rocket. Step: 3400000. Time Elapsed: 2959.811 s. Mean Reward: -41.548. Std of Reward: 5.175. Training.
[INFO] Rocket. Step: 3420000. Time Elapsed: 2980.519 s. Mean Reward: -42.205. Std of Reward: 5.050. Training.
[INFO] Rocket. Step: 3440000. Time Elapsed: 2994.681 s. Mean Reward: -41.709. Std of Reward: 5.167. Training.
[INFO] Rocket. Step: 3460000. Time Elapsed: 3015.959 s. Mean Reward: -42.235. Std of Reward: 4.488. Training.
[INFO] Rocket. Step: 3480000. Time Elapsed: 3029.934 s. Mean Reward: -41.656. Std of Reward: 5.044. Training.
[INFO] Rocket. Step: 3500000. Time Elapsed: 3051.621 s. Mean Reward: -41.437. Std of Reward: 5.482. Training.
[INFO] Exported results\L7\Rocket\Rocket-3499961.onnx
[INFO] Rocket. Step: 3520000. Time Elapsed: 3065.629 s. Mean Reward: -41.855. Std of Reward: 6.969. Training.
[INFO] Rocket. Step: 3540000. Time Elapsed: 3087.125 s. Mean Reward: -41.310. Std of Reward: 5.889. Training.
[INFO] Rocket. Step: 3560000. Time Elapsed: 3100.244 s. Mean Reward: -41.800. Std of Reward: 5.098. Training.
[INFO] Rocket. Step: 3580000. Time Elapsed: 3114.701 s. Mean Reward: -41.948. Std of Reward: 5.024. Training.
[INFO] Rocket. Step: 3600000. Time Elapsed: 3135.787 s. Mean Reward: -42.147. Std of Reward: 5.009. Training.
[INFO] Rocket. Step: 3620000. Time Elapsed: 3149.757 s. Mean Reward: -41.720. Std of Reward: 5.048. Training.
[INFO] Rocket. Step: 3640000. Time Elapsed: 3170.964 s. Mean Reward: -40.991. Std of Reward: 5.713. Training.
[INFO] Rocket. Step: 3660000. Time Elapsed: 3185.403 s. Mean Reward: -40.884. Std of Reward: 8.019. Training.
[INFO] Rocket. Step: 3680000. Time Elapsed: 3206.040 s. Mean Reward: -41.407. Std of Reward: 5.158. Training.
[INFO] Rocket. Step: 3700000. Time Elapsed: 3219.944 s. Mean Reward: -41.017. Std of Reward: 5.621. Training.
[INFO] Rocket. Step: 3720000. Time Elapsed: 3241.025 s. Mean Reward: -39.575. Std of Reward: 8.902. Training.
[INFO] Rocket. Step: 3740000. Time Elapsed: 3255.865 s. Mean Reward: -40.851. Std of Reward: 5.438. Training.
[INFO] Rocket. Step: 3760000. Time Elapsed: 3276.600 s. Mean Reward: -41.966. Std of Reward: 4.890. Training.
[INFO] Rocket. Step: 3780000. Time Elapsed: 3290.519 s. Mean Reward: -40.949. Std of Reward: 5.864. Training.
[INFO] Rocket. Step: 3800000. Time Elapsed: 3311.419 s. Mean Reward: -40.819. Std of Reward: 5.383. Training.
[INFO] Rocket. Step: 3820000. Time Elapsed: 3325.964 s. Mean Reward: -41.687. Std of Reward: 5.310. Training.
[INFO] Rocket. Step: 3840000. Time Elapsed: 3346.623 s. Mean Reward: -41.843. Std of Reward: 5.228. Training.
[INFO] Rocket. Step: 3860000. Time Elapsed: 3360.799 s. Mean Reward: -39.096. Std of Reward: 9.074. Training.
[INFO] Rocket. Step: 3880000. Time Elapsed: 3381.732 s. Mean Reward: -41.208. Std of Reward: 5.556. Training.
[INFO] Rocket. Step: 3900000. Time Elapsed: 3396.015 s. Mean Reward: -40.234. Std of Reward: 5.140. Training.
[INFO] Rocket. Step: 3920000. Time Elapsed: 3416.960 s. Mean Reward: -41.291. Std of Reward: 5.034. Training.
[INFO] Rocket. Step: 3940000. Time Elapsed: 3431.008 s. Mean Reward: -40.171. Std of Reward: 5.239. Training.
[INFO] Rocket. Step: 3960000. Time Elapsed: 3452.486 s. Mean Reward: -40.887. Std of Reward: 5.251. Training.
[INFO] Rocket. Step: 3980000. Time Elapsed: 3466.995 s. Mean Reward: -40.091. Std of Reward: 6.274. Training.
[INFO] Rocket. Step: 4000000. Time Elapsed: 3487.199 s. Mean Reward: -40.148. Std of Reward: 6.012. Training.
[INFO] Exported results\L7\Rocket\Rocket-3999931.onnx
[INFO] Rocket. Step: 4020000. Time Elapsed: 3501.625 s. Mean Reward: -39.031. Std of Reward: 8.292. Training.
[INFO] Rocket. Step: 4040000. Time Elapsed: 3522.895 s. Mean Reward: -40.146. Std of Reward: 5.856. Training.
[INFO] Rocket. Step: 4060000. Time Elapsed: 3536.980 s. Mean Reward: -40.157. Std of Reward: 8.792. Training.
[INFO] Rocket. Step: 4080000. Time Elapsed: 3557.855 s. Mean Reward: -40.430. Std of Reward: 5.674. Training.
[INFO] Rocket. Step: 4100000. Time Elapsed: 3572.938 s. Mean Reward: -38.574. Std of Reward: 8.727. Training.
[INFO] Rocket. Step: 4120000. Time Elapsed: 3593.533 s. Mean Reward: -39.557. Std of Reward: 7.575. Training.
[INFO] Rocket. Step: 4140000. Time Elapsed: 3608.651 s. Mean Reward: -39.600. Std of Reward: 5.787. Training.
[INFO] Rocket. Step: 4160000. Time Elapsed: 3628.835 s. Mean Reward: -39.563. Std of Reward: 8.107. Training.
[INFO] Rocket. Step: 4180000. Time Elapsed: 3643.376 s. Mean Reward: -40.006. Std of Reward: 6.178. Training.
[INFO] Rocket. Step: 4200000. Time Elapsed: 3664.727 s. Mean Reward: -39.902. Std of Reward: 7.239. Training.
[INFO] Rocket. Step: 4220000. Time Elapsed: 3679.069 s. Mean Reward: -39.055. Std of Reward: 7.539. Training.
[INFO] Rocket. Step: 4240000. Time Elapsed: 3699.647 s. Mean Reward: -39.075. Std of Reward: 7.729. Training.
[INFO] Rocket. Step: 4260000. Time Elapsed: 3714.304 s. Mean Reward: -39.323. Std of Reward: 5.573. Training.
[INFO] Rocket. Step: 4280000. Time Elapsed: 3735.359 s. Mean Reward: -40.534. Std of Reward: 6.033. Training.
[INFO] Rocket. Step: 4300000. Time Elapsed: 3749.781 s. Mean Reward: -38.798. Std of Reward: 7.988. Training.
[INFO] Rocket. Step: 4320000. Time Elapsed: 3772.174 s. Mean Reward: -40.623. Std of Reward: 6.165. Training.
[INFO] Rocket. Step: 4340000. Time Elapsed: 3785.204 s. Mean Reward: -38.277. Std of Reward: 7.796. Training.
[INFO] Rocket. Step: 4360000. Time Elapsed: 3800.223 s. Mean Reward: -37.858. Std of Reward: 8.078. Training.
[INFO] Rocket. Step: 4380000. Time Elapsed: 3820.675 s. Mean Reward: -37.767. Std of Reward: 10.206. Training.
[INFO] Rocket. Step: 4400000. Time Elapsed: 3835.468 s. Mean Reward: -38.632. Std of Reward: 9.089. Training.
[INFO] Rocket. Step: 4420000. Time Elapsed: 3856.645 s. Mean Reward: -36.853. Std of Reward: 11.038. Training.
[INFO] Rocket. Step: 4440000. Time Elapsed: 3871.439 s. Mean Reward: -39.237. Std of Reward: 8.292. Training.
[INFO] Rocket. Step: 4460000. Time Elapsed: 3892.061 s. Mean Reward: -37.395. Std of Reward: 9.412. Training.
[INFO] Rocket. Step: 4480000. Time Elapsed: 3906.852 s. Mean Reward: -37.417. Std of Reward: 10.630. Training.
[INFO] Rocket. Step: 4500000. Time Elapsed: 3927.536 s. Mean Reward: -37.509. Std of Reward: 9.704. Training.
[INFO] Exported results\L7\Rocket\Rocket-4499954.onnx
[INFO] Rocket. Step: 4520000. Time Elapsed: 3941.985 s. Mean Reward: -38.209. Std of Reward: 6.393. Training.
[INFO] Rocket. Step: 4540000. Time Elapsed: 3963.028 s. Mean Reward: -38.187. Std of Reward: 6.401. Training.
[INFO] Rocket. Step: 4560000. Time Elapsed: 3978.161 s. Mean Reward: -37.665. Std of Reward: 10.914. Training.
[INFO] Rocket. Step: 4580000. Time Elapsed: 3998.480 s. Mean Reward: -36.529. Std of Reward: 10.263. Training.
[INFO] Rocket. Step: 4600000. Time Elapsed: 4013.465 s. Mean Reward: -39.203. Std of Reward: 6.556. Training.
[INFO] Rocket. Step: 4620000. Time Elapsed: 4034.610 s. Mean Reward: -37.873. Std of Reward: 10.400. Training.
[INFO] Rocket. Step: 4640000. Time Elapsed: 4049.322 s. Mean Reward: -35.173. Std of Reward: 11.566. Training.
[INFO] Rocket. Step: 4660000. Time Elapsed: 4070.624 s. Mean Reward: -38.746. Std of Reward: 7.746. Training.
[INFO] Rocket. Step: 4680000. Time Elapsed: 4085.214 s. Mean Reward: -38.004. Std of Reward: 8.720. Training.
[INFO] Rocket. Step: 4700000. Time Elapsed: 4105.610 s. Mean Reward: -39.092. Std of Reward: 6.611. Training.
[INFO] Rocket. Step: 4720000. Time Elapsed: 4120.749 s. Mean Reward: -35.411. Std of Reward: 11.453. Training.
[INFO] Rocket. Step: 4740000. Time Elapsed: 4141.715 s. Mean Reward: -36.010. Std of Reward: 13.324. Training.
[INFO] Rocket. Step: 4760000. Time Elapsed: 4156.874 s. Mean Reward: -35.189. Std of Reward: 12.890. Training.
[INFO] Rocket. Step: 4780000. Time Elapsed: 4178.079 s. Mean Reward: -35.919. Std of Reward: 11.275. Training.
[INFO] Rocket. Step: 4800000. Time Elapsed: 4192.833 s. Mean Reward: -35.975. Std of Reward: 10.543. Training.
[INFO] Rocket. Step: 4820000. Time Elapsed: 4214.155 s. Mean Reward: -37.412. Std of Reward: 10.981. Training.
[INFO] Rocket. Step: 4840000. Time Elapsed: 4229.716 s. Mean Reward: -36.708. Std of Reward: 10.938. Training.
[INFO] Rocket. Step: 4860000. Time Elapsed: 4250.564 s. Mean Reward: -37.842. Std of Reward: 10.444. Training.
[INFO] Rocket. Step: 4880000. Time Elapsed: 4265.852 s. Mean Reward: -36.954. Std of Reward: 7.838. Training.
[INFO] Rocket. Step: 4900000. Time Elapsed: 4286.567 s. Mean Reward: -36.874. Std of Reward: 9.507. Training.
[INFO] Rocket. Step: 4920000. Time Elapsed: 4301.642 s. Mean Reward: -37.258. Std of Reward: 12.173. Training.
[INFO] Rocket. Step: 4940000. Time Elapsed: 4322.972 s. Mean Reward: -37.398. Std of Reward: 7.894. Training.
[INFO] Rocket. Step: 4960000. Time Elapsed: 4337.562 s. Mean Reward: -35.594. Std of Reward: 10.359. Training.
[INFO] Rocket. Step: 4980000. Time Elapsed: 4359.132 s. Mean Reward: -37.425. Std of Reward: 6.741. Training.
[INFO] Rocket. Step: 5000000. Time Elapsed: 4373.070 s. Mean Reward: -36.078. Std of Reward: 7.754. Training.
[INFO] Exported results\L7\Rocket\Rocket-4999934.onnx
[INFO] Rocket. Step: 5020000. Time Elapsed: 4394.958 s. Mean Reward: -38.150. Std of Reward: 8.050. Training.
[INFO] Rocket. Step: 5040000. Time Elapsed: 4409.851 s. Mean Reward: -36.720. Std of Reward: 11.074. Training.
[INFO] Rocket. Step: 5060000. Time Elapsed: 4431.745 s. Mean Reward: -36.321. Std of Reward: 9.970. Training.
[INFO] Rocket. Step: 5080000. Time Elapsed: 4446.303 s. Mean Reward: -36.075. Std of Reward: 12.163. Training.
[INFO] Rocket. Step: 5100000. Time Elapsed: 4461.062 s. Mean Reward: -37.696. Std of Reward: 8.271. Training.
[INFO] Rocket. Step: 5120000. Time Elapsed: 4482.401 s. Mean Reward: -37.844. Std of Reward: 10.298. Training.
[INFO] Rocket. Step: 5140000. Time Elapsed: 4497.552 s. Mean Reward: -37.489. Std of Reward: 8.187. Training.
[INFO] Rocket. Step: 5160000. Time Elapsed: 4519.013 s. Mean Reward: -33.113. Std of Reward: 15.302. Training.
[INFO] Rocket. Step: 5180000. Time Elapsed: 4534.389 s. Mean Reward: -34.117. Std of Reward: 12.197. Training.
[INFO] Rocket. Step: 5200000. Time Elapsed: 4555.289 s. Mean Reward: -35.061. Std of Reward: 13.389. Training.
[INFO] Rocket. Step: 5220000. Time Elapsed: 4570.720 s. Mean Reward: -32.883. Std of Reward: 14.252. Training.
[INFO] Rocket. Step: 5240000. Time Elapsed: 4592.216 s. Mean Reward: -35.676. Std of Reward: 11.073. Training.
[INFO] Rocket. Step: 5260000. Time Elapsed: 4607.003 s. Mean Reward: -36.108. Std of Reward: 11.414. Training.
[INFO] Rocket. Step: 5280000. Time Elapsed: 4628.795 s. Mean Reward: -36.841. Std of Reward: 10.549. Training.
[INFO] Rocket. Step: 5300000. Time Elapsed: 4643.382 s. Mean Reward: -35.443. Std of Reward: 12.056. Training.
[INFO] Rocket. Step: 5320000. Time Elapsed: 4664.688 s. Mean Reward: -38.104. Std of Reward: 7.285. Training.
[INFO] Rocket. Step: 5340000. Time Elapsed: 4680.053 s. Mean Reward: -36.236. Std of Reward: 12.630. Training.
[INFO] Rocket. Step: 5360000. Time Elapsed: 4701.065 s. Mean Reward: -36.929. Std of Reward: 9.697. Training.
[INFO] Rocket. Step: 5380000. Time Elapsed: 4715.569 s. Mean Reward: -36.463. Std of Reward: 9.134. Training.
[INFO] Rocket. Step: 5400000. Time Elapsed: 4737.035 s. Mean Reward: -36.098. Std of Reward: 11.587. Training.
[INFO] Rocket. Step: 5420000. Time Elapsed: 4751.832 s. Mean Reward: -34.927. Std of Reward: 11.792. Training.
[INFO] Rocket. Step: 5440000. Time Elapsed: 4773.236 s. Mean Reward: -35.932. Std of Reward: 10.327. Training.
[INFO] Rocket. Step: 5460000. Time Elapsed: 4788.042 s. Mean Reward: -35.145. Std of Reward: 10.409. Training.
[INFO] Rocket. Step: 5480000. Time Elapsed: 4809.390 s. Mean Reward: -36.722. Std of Reward: 10.143. Training.
[INFO] Rocket. Step: 5500000. Time Elapsed: 4824.718 s. Mean Reward: -34.557. Std of Reward: 14.960. Training.
[INFO] Exported results\L7\Rocket\Rocket-5499896.onnx
[INFO] Rocket. Step: 5520000. Time Elapsed: 4846.171 s. Mean Reward: -34.993. Std of Reward: 11.931. Training.
[INFO] Rocket. Step: 5540000. Time Elapsed: 4861.501 s. Mean Reward: -36.137. Std of Reward: 13.660. Training.
[INFO] Rocket. Step: 5560000. Time Elapsed: 4882.950 s. Mean Reward: -36.526. Std of Reward: 12.876. Training.
[INFO] Rocket. Step: 5580000. Time Elapsed: 4897.976 s. Mean Reward: -34.806. Std of Reward: 13.588. Training.
[INFO] Rocket. Step: 5600000. Time Elapsed: 4919.467 s. Mean Reward: -34.866. Std of Reward: 11.262. Training.
[INFO] Rocket. Step: 5620000. Time Elapsed: 4935.157 s. Mean Reward: -36.138. Std of Reward: 11.883. Training.
[INFO] Rocket. Step: 5640000. Time Elapsed: 4956.650 s. Mean Reward: -36.028. Std of Reward: 12.913. Training.
[INFO] Rocket. Step: 5660000. Time Elapsed: 4971.359 s. Mean Reward: -34.844. Std of Reward: 11.025. Training.
[INFO] Rocket. Step: 5680000. Time Elapsed: 4992.461 s. Mean Reward: -33.555. Std of Reward: 14.339. Training.
[INFO] Rocket. Step: 5700000. Time Elapsed: 5007.806 s. Mean Reward: -36.144. Std of Reward: 10.889. Training.
[INFO] Rocket. Step: 5720000. Time Elapsed: 5029.581 s. Mean Reward: -36.942. Std of Reward: 13.613. Training.
[INFO] Rocket. Step: 5740000. Time Elapsed: 5044.652 s. Mean Reward: -32.140. Std of Reward: 16.379. Training.
[INFO] Rocket. Step: 5760000. Time Elapsed: 5066.755 s. Mean Reward: -34.920. Std of Reward: 12.457. Training.
[INFO] Rocket. Step: 5780000. Time Elapsed: 5082.187 s. Mean Reward: -34.326. Std of Reward: 14.152. Training.
[INFO] Rocket. Step: 5800000. Time Elapsed: 5104.016 s. Mean Reward: -33.480. Std of Reward: 13.852. Training.
[INFO] Rocket. Step: 5820000. Time Elapsed: 5118.585 s. Mean Reward: -35.943. Std of Reward: 12.734. Training.
[INFO] Rocket. Step: 5840000. Time Elapsed: 5142.418 s. Mean Reward: -33.610. Std of Reward: 16.717. Training.
[INFO] Rocket. Step: 5860000. Time Elapsed: 5155.804 s. Mean Reward: -31.292. Std of Reward: 17.327. Training.
[INFO] Rocket. Step: 5880000. Time Elapsed: 5171.356 s. Mean Reward: -33.642. Std of Reward: 13.324. Training.
[INFO] Rocket. Step: 5900000. Time Elapsed: 5192.843 s. Mean Reward: -35.844. Std of Reward: 12.498. Training.
[INFO] Rocket. Step: 5920000. Time Elapsed: 5208.045 s. Mean Reward: -36.648. Std of Reward: 8.582. Training.
[INFO] Rocket. Step: 5940000. Time Elapsed: 5229.401 s. Mean Reward: -33.467. Std of Reward: 14.211. Training.
[INFO] Rocket. Step: 5960000. Time Elapsed: 5245.000 s. Mean Reward: -35.624. Std of Reward: 12.372. Training.
[INFO] Rocket. Step: 5980000. Time Elapsed: 5265.631 s. Mean Reward: -34.172. Std of Reward: 11.631. Training.
[INFO] Rocket. Step: 6000000. Time Elapsed: 5280.840 s. Mean Reward: -33.398. Std of Reward: 13.873. Training.
[INFO] Exported results\L7\Rocket\Rocket-5999836.onnx
[INFO] Rocket. Step: 6020000. Time Elapsed: 5302.346 s. Mean Reward: -34.502. Std of Reward: 14.104. Training.
[INFO] Rocket. Step: 6040000. Time Elapsed: 5318.321 s. Mean Reward: -34.495. Std of Reward: 15.441. Training.
[INFO] Rocket. Step: 6060000. Time Elapsed: 5339.654 s. Mean Reward: -32.846. Std of Reward: 16.388. Training.
[INFO] Rocket. Step: 6080000. Time Elapsed: 5355.505 s. Mean Reward: -35.321. Std of Reward: 12.940. Training.
[INFO] Rocket. Step: 6100000. Time Elapsed: 5376.819 s. Mean Reward: -36.417. Std of Reward: 11.164. Training.
[INFO] Rocket. Step: 6120000. Time Elapsed: 5392.284 s. Mean Reward: -34.325. Std of Reward: 14.367. Training.
[INFO] Rocket. Step: 6140000. Time Elapsed: 5413.956 s. Mean Reward: -34.291. Std of Reward: 12.693. Training.
[INFO] Rocket. Step: 6160000. Time Elapsed: 5429.533 s. Mean Reward: -37.091. Std of Reward: 10.200. Training.
[INFO] Rocket. Step: 6180000. Time Elapsed: 5451.034 s. Mean Reward: -35.285. Std of Reward: 12.041. Training.
[INFO] Rocket. Step: 6200000. Time Elapsed: 5467.182 s. Mean Reward: -34.253. Std of Reward: 14.926. Training.
[INFO] Rocket. Step: 6220000. Time Elapsed: 5488.214 s. Mean Reward: -33.587. Std of Reward: 13.996. Training.
[INFO] Rocket. Step: 6240000. Time Elapsed: 5503.073 s. Mean Reward: -33.669. Std of Reward: 13.922. Training.
[INFO] Rocket. Step: 6260000. Time Elapsed: 5523.959 s. Mean Reward: -34.896. Std of Reward: 10.987. Training.
[INFO] Rocket. Step: 6280000. Time Elapsed: 5539.168 s. Mean Reward: -33.916. Std of Reward: 11.839. Training.
[INFO] Rocket. Step: 6300000. Time Elapsed: 5560.909 s. Mean Reward: -35.608. Std of Reward: 12.460. Training.
[INFO] Rocket. Step: 6320000. Time Elapsed: 5576.393 s. Mean Reward: -34.853. Std of Reward: 13.180. Training.
[INFO] Rocket. Step: 6340000. Time Elapsed: 5599.093 s. Mean Reward: -33.240. Std of Reward: 13.481. Training.
[INFO] Rocket. Step: 6360000. Time Elapsed: 5614.457 s. Mean Reward: -35.214. Std of Reward: 14.535. Training.
[INFO] Rocket. Step: 6380000. Time Elapsed: 5635.875 s. Mean Reward: -33.102. Std of Reward: 15.123. Training.
[INFO] Rocket. Step: 6400000. Time Elapsed: 5650.208 s. Mean Reward: -34.707. Std of Reward: 10.389. Training.
[INFO] Rocket. Step: 6420000. Time Elapsed: 5672.776 s. Mean Reward: -34.566. Std of Reward: 14.726. Training.
[INFO] Rocket. Step: 6440000. Time Elapsed: 5687.234 s. Mean Reward: -35.944. Std of Reward: 9.010. Training.
[INFO] Rocket. Step: 6460000. Time Elapsed: 5709.118 s. Mean Reward: -35.109. Std of Reward: 13.224. Training.
[INFO] Rocket. Step: 6480000. Time Elapsed: 5724.509 s. Mean Reward: -36.188. Std of Reward: 13.195. Training.
[INFO] Rocket. Step: 6500000. Time Elapsed: 5746.435 s. Mean Reward: -34.848. Std of Reward: 15.639. Training.
[INFO] Exported results\L7\Rocket\Rocket-6499859.onnx
[INFO] Rocket. Step: 6520000. Time Elapsed: 5761.156 s. Mean Reward: -35.581. Std of Reward: 12.797. Training.
[INFO] Rocket. Step: 6540000. Time Elapsed: 5783.013 s. Mean Reward: -35.574. Std of Reward: 10.616. Training.
[INFO] Rocket. Step: 6560000. Time Elapsed: 5797.721 s. Mean Reward: -33.379. Std of Reward: 14.345. Training.
[INFO] Rocket. Step: 6580000. Time Elapsed: 5820.401 s. Mean Reward: -35.266. Std of Reward: 10.105. Training.
[INFO] Rocket. Step: 6600000. Time Elapsed: 5835.575 s. Mean Reward: -33.378. Std of Reward: 14.952. Training.
[INFO] Rocket. Step: 6620000. Time Elapsed: 5851.550 s. Mean Reward: -31.112. Std of Reward: 17.330. Training.
[INFO] Rocket. Step: 6640000. Time Elapsed: 5872.039 s. Mean Reward: -34.624. Std of Reward: 12.455. Training.
[INFO] Rocket. Step: 6660000. Time Elapsed: 5887.502 s. Mean Reward: -35.694. Std of Reward: 8.557. Training.
[INFO] Rocket. Step: 6680000. Time Elapsed: 5908.985 s. Mean Reward: -33.195. Std of Reward: 16.108. Training.
[INFO] Rocket. Step: 6700000. Time Elapsed: 5924.773 s. Mean Reward: -32.055. Std of Reward: 14.782. Training.
[INFO] Rocket. Step: 6720000. Time Elapsed: 5946.931 s. Mean Reward: -34.450. Std of Reward: 13.851. Training.
[INFO] Rocket. Step: 6740000. Time Elapsed: 5962.671 s. Mean Reward: -34.953. Std of Reward: 12.983. Training.
[INFO] Rocket. Step: 6760000. Time Elapsed: 5984.300 s. Mean Reward: -35.821. Std of Reward: 13.081. Training.
[INFO] Rocket. Step: 6780000. Time Elapsed: 6000.131 s. Mean Reward: -33.969. Std of Reward: 13.311. Training.
[INFO] Rocket. Step: 6800000. Time Elapsed: 6022.061 s. Mean Reward: -33.277. Std of Reward: 15.348. Training.
[INFO] Rocket. Step: 6820000. Time Elapsed: 6037.134 s. Mean Reward: -33.532. Std of Reward: 15.079. Training.
[INFO] Rocket. Step: 6840000. Time Elapsed: 6058.816 s. Mean Reward: -35.283. Std of Reward: 13.240. Training.
[INFO] Rocket. Step: 6860000. Time Elapsed: 6074.441 s. Mean Reward: -30.635. Std of Reward: 17.559. Training.
[INFO] Rocket. Step: 6880000. Time Elapsed: 6095.970 s. Mean Reward: -32.771. Std of Reward: 13.919. Training.
[INFO] Rocket. Step: 6900000. Time Elapsed: 6111.402 s. Mean Reward: -33.287. Std of Reward: 15.476. Training.
[INFO] Rocket. Step: 6920000. Time Elapsed: 6133.431 s. Mean Reward: -32.985. Std of Reward: 13.004. Training.
[INFO] Rocket. Step: 6940000. Time Elapsed: 6148.962 s. Mean Reward: -34.375. Std of Reward: 13.921. Training.
[INFO] Rocket. Step: 6960000. Time Elapsed: 6170.190 s. Mean Reward: -35.102. Std of Reward: 13.011. Training.
[INFO] Rocket. Step: 6980000. Time Elapsed: 6185.848 s. Mean Reward: -36.244. Std of Reward: 12.008. Training.
[INFO] Rocket. Step: 7000000. Time Elapsed: 6207.221 s. Mean Reward: -35.814. Std of Reward: 10.416. Training.
[INFO] Exported results\L7\Rocket\Rocket-6999951.onnx
[INFO] Rocket. Step: 7020000. Time Elapsed: 6222.691 s. Mean Reward: -33.561. Std of Reward: 13.799. Training.
[INFO] Rocket. Step: 7040000. Time Elapsed: 6244.339 s. Mean Reward: -34.348. Std of Reward: 12.247. Training.
[INFO] Rocket. Step: 7060000. Time Elapsed: 6260.231 s. Mean Reward: -30.668. Std of Reward: 18.081. Training.
[INFO] Rocket. Step: 7080000. Time Elapsed: 6282.599 s. Mean Reward: -35.009. Std of Reward: 13.554. Training.
[INFO] Rocket. Step: 7100000. Time Elapsed: 6297.730 s. Mean Reward: -35.194. Std of Reward: 13.541. Training.
[INFO] Rocket. Step: 7120000. Time Elapsed: 6320.147 s. Mean Reward: -34.751. Std of Reward: 13.365. Training.
[INFO] Rocket. Step: 7140000. Time Elapsed: 6335.034 s. Mean Reward: -31.515. Std of Reward: 16.346. Training.
[INFO] Rocket. Step: 7160000. Time Elapsed: 6356.580 s. Mean Reward: -34.858. Std of Reward: 11.443. Training.
[INFO] Rocket. Step: 7180000. Time Elapsed: 6371.985 s. Mean Reward: -34.627. Std of Reward: 12.600. Training.
[INFO] Rocket. Step: 7200000. Time Elapsed: 6393.835 s. Mean Reward: -34.632. Std of Reward: 12.133. Training.
[INFO] Rocket. Step: 7220000. Time Elapsed: 6408.550 s. Mean Reward: -32.385. Std of Reward: 17.741. Training.
[INFO] Rocket. Step: 7240000. Time Elapsed: 6431.131 s. Mean Reward: -33.182. Std of Reward: 14.829. Training.
[INFO] Rocket. Step: 7260000. Time Elapsed: 6446.890 s. Mean Reward: -34.055. Std of Reward: 13.924. Training.
[INFO] Rocket. Step: 7280000. Time Elapsed: 6469.114 s. Mean Reward: -34.453. Std of Reward: 13.895. Training.
[INFO] Rocket. Step: 7300000. Time Elapsed: 6484.050 s. Mean Reward: -33.768. Std of Reward: 11.819. Training.
[INFO] Rocket. Step: 7320000. Time Elapsed: 6507.260 s. Mean Reward: -33.074. Std of Reward: 16.082. Training.
[INFO] Rocket. Step: 7340000. Time Elapsed: 6522.003 s. Mean Reward: -29.964. Std of Reward: 18.743. Training.
[INFO] Rocket. Step: 7360000. Time Elapsed: 6537.585 s. Mean Reward: -33.741. Std of Reward: 15.711. Training.
[INFO] Rocket. Step: 7380000. Time Elapsed: 6559.329 s. Mean Reward: -34.890. Std of Reward: 14.530. Training.
[INFO] Rocket. Step: 7400000. Time Elapsed: 6575.659 s. Mean Reward: -34.853. Std of Reward: 12.762. Training.
[INFO] Rocket. Step: 7420000. Time Elapsed: 6597.131 s. Mean Reward: -32.351. Std of Reward: 15.142. Training.
[INFO] Rocket. Step: 7440000. Time Elapsed: 6612.311 s. Mean Reward: -33.314. Std of Reward: 14.238. Training.
[INFO] Rocket. Step: 7460000. Time Elapsed: 6634.746 s. Mean Reward: -34.060. Std of Reward: 14.190. Training.
[INFO] Rocket. Step: 7480000. Time Elapsed: 6650.893 s. Mean Reward: -32.341. Std of Reward: 16.127. Training.
[INFO] Rocket. Step: 7500000. Time Elapsed: 6671.700 s. Mean Reward: -34.421. Std of Reward: 14.027. Training.
[INFO] Exported results\L7\Rocket\Rocket-7499867.onnx
[INFO] Rocket. Step: 7520000. Time Elapsed: 6687.561 s. Mean Reward: -34.261. Std of Reward: 13.352. Training.
[INFO] Rocket. Step: 7540000. Time Elapsed: 6709.564 s. Mean Reward: -33.735. Std of Reward: 14.530. Training.
[INFO] Rocket. Step: 7560000. Time Elapsed: 6725.941 s. Mean Reward: -31.145. Std of Reward: 18.358. Training.
[INFO] Rocket. Step: 7580000. Time Elapsed: 6747.135 s. Mean Reward: -35.655. Std of Reward: 13.610. Training.
[INFO] Rocket. Step: 7600000. Time Elapsed: 6763.219 s. Mean Reward: -34.177. Std of Reward: 12.833. Training.
[INFO] Rocket. Step: 7620000. Time Elapsed: 6785.215 s. Mean Reward: -34.446. Std of Reward: 13.217. Training.
[INFO] Rocket. Step: 7640000. Time Elapsed: 6801.224 s. Mean Reward: -32.967. Std of Reward: 16.435. Training.
[INFO] Rocket. Step: 7660000. Time Elapsed: 6823.058 s. Mean Reward: -33.027. Std of Reward: 14.502. Training.
[INFO] Rocket. Step: 7680000. Time Elapsed: 6837.976 s. Mean Reward: -35.456. Std of Reward: 12.811. Training.
[INFO] Rocket. Step: 7700000. Time Elapsed: 6859.583 s. Mean Reward: -36.288. Std of Reward: 11.415. Training.
[INFO] Rocket. Step: 7720000. Time Elapsed: 6876.305 s. Mean Reward: -32.219. Std of Reward: 16.509. Training.
[INFO] Rocket. Step: 7740000. Time Elapsed: 6898.051 s. Mean Reward: -34.799. Std of Reward: 13.146. Training.
[INFO] Rocket. Step: 7760000. Time Elapsed: 6914.429 s. Mean Reward: -35.256. Std of Reward: 14.005. Training.
[INFO] Rocket. Step: 7780000. Time Elapsed: 6936.021 s. Mean Reward: -33.170. Std of Reward: 14.132. Training.
[INFO] Rocket. Step: 7800000. Time Elapsed: 6952.205 s. Mean Reward: -32.780. Std of Reward: 17.305. Training.
[INFO] Rocket. Step: 7820000. Time Elapsed: 6974.132 s. Mean Reward: -34.464. Std of Reward: 13.782. Training.
[INFO] Rocket. Step: 7840000. Time Elapsed: 6990.176 s. Mean Reward: -33.091. Std of Reward: 12.948. Training.
[INFO] Rocket. Step: 7860000. Time Elapsed: 7012.285 s. Mean Reward: -34.047. Std of Reward: 14.157. Training.
[INFO] Rocket. Step: 7880000. Time Elapsed: 7027.565 s. Mean Reward: -32.532. Std of Reward: 14.771. Training.
[INFO] Rocket. Step: 7900000. Time Elapsed: 7049.738 s. Mean Reward: -32.280. Std of Reward: 14.832. Training.
[INFO] Rocket. Step: 7920000. Time Elapsed: 7064.885 s. Mean Reward: -33.704. Std of Reward: 15.288. Training.
[INFO] Rocket. Step: 7940000. Time Elapsed: 7086.839 s. Mean Reward: -33.235. Std of Reward: 14.123. Training.
[INFO] Rocket. Step: 7960000. Time Elapsed: 7102.200 s. Mean Reward: -33.672. Std of Reward: 14.436. Training.
[INFO] Rocket. Step: 7980000. Time Elapsed: 7125.090 s. Mean Reward: -34.269. Std of Reward: 15.062. Training.
[INFO] Rocket. Step: 8000000. Time Elapsed: 7139.872 s. Mean Reward: -33.754. Std of Reward: 13.059. Training.
[INFO] Exported results\L7\Rocket\Rocket-7999865.onnx
[INFO] Rocket. Step: 8020000. Time Elapsed: 7162.672 s. Mean Reward: -31.138. Std of Reward: 16.056. Training.
[INFO] Rocket. Step: 8040000. Time Elapsed: 7177.751 s. Mean Reward: -34.038. Std of Reward: 13.682. Training.
[INFO] Rocket. Step: 8060000. Time Elapsed: 7201.274 s. Mean Reward: -34.523. Std of Reward: 14.042. Training.
[INFO] Rocket. Step: 8080000. Time Elapsed: 7214.737 s. Mean Reward: -36.147. Std of Reward: 12.278. Training.
[INFO] Rocket. Step: 8100000. Time Elapsed: 7230.420 s. Mean Reward: -34.382. Std of Reward: 13.589. Training.
[INFO] Rocket. Step: 8120000. Time Elapsed: 7252.556 s. Mean Reward: -33.197. Std of Reward: 16.117. Training.
[INFO] Rocket. Step: 8140000. Time Elapsed: 7268.827 s. Mean Reward: -31.839. Std of Reward: 17.062. Training.
[INFO] Rocket. Step: 8160000. Time Elapsed: 7290.372 s. Mean Reward: -34.108. Std of Reward: 15.605. Training.
[INFO] Rocket. Step: 8180000. Time Elapsed: 7306.365 s. Mean Reward: -32.517. Std of Reward: 14.977. Training.
[INFO] Rocket. Step: 8200000. Time Elapsed: 7328.827 s. Mean Reward: -34.035. Std of Reward: 15.600. Training.
[INFO] Rocket. Step: 8220000. Time Elapsed: 7345.249 s. Mean Reward: -31.569. Std of Reward: 14.553. Training.
[INFO] Rocket. Step: 8240000. Time Elapsed: 7366.280 s. Mean Reward: -33.811. Std of Reward: 13.984. Training.
[INFO] Rocket. Step: 8260000. Time Elapsed: 7381.905 s. Mean Reward: -33.424. Std of Reward: 14.230. Training.
[INFO] Rocket. Step: 8280000. Time Elapsed: 7403.702 s. Mean Reward: -32.661. Std of Reward: 14.614. Training.
[INFO] Rocket. Step: 8300000. Time Elapsed: 7419.345 s. Mean Reward: -33.208. Std of Reward: 15.068. Training.
[INFO] Rocket. Step: 8320000. Time Elapsed: 7441.727 s. Mean Reward: -32.646. Std of Reward: 15.622. Training.
[INFO] Rocket. Step: 8340000. Time Elapsed: 7456.642 s. Mean Reward: -30.816. Std of Reward: 16.233. Training.
[INFO] Rocket. Step: 8360000. Time Elapsed: 7478.763 s. Mean Reward: -33.068. Std of Reward: 15.039. Training.
[INFO] Rocket. Step: 8380000. Time Elapsed: 7494.709 s. Mean Reward: -33.558. Std of Reward: 13.164. Training.
[INFO] Rocket. Step: 8400000. Time Elapsed: 7516.605 s. Mean Reward: -32.894. Std of Reward: 15.101. Training.
[INFO] Rocket. Step: 8420000. Time Elapsed: 7532.779 s. Mean Reward: -33.954. Std of Reward: 14.499. Training.
[INFO] Rocket. Step: 8440000. Time Elapsed: 7554.749 s. Mean Reward: -32.908. Std of Reward: 14.888. Training.
[INFO] Rocket. Step: 8460000. Time Elapsed: 7570.183 s. Mean Reward: -32.722. Std of Reward: 10.338. Training.
[INFO] Rocket. Step: 8480000. Time Elapsed: 7592.037 s. Mean Reward: -34.135. Std of Reward: 13.642. Training.
[INFO] Rocket. Step: 8500000. Time Elapsed: 7608.110 s. Mean Reward: -32.262. Std of Reward: 18.145. Training.
[INFO] Exported results\L7\Rocket\Rocket-8499990.onnx
[INFO] Rocket. Step: 8520000. Time Elapsed: 7629.270 s. Mean Reward: -34.411. Std of Reward: 13.245. Training.
[INFO] Rocket. Step: 8540000. Time Elapsed: 7646.705 s. Mean Reward: -28.651. Std of Reward: 18.815. Training.
[INFO] Rocket. Step: 8560000. Time Elapsed: 7667.983 s. Mean Reward: -31.747. Std of Reward: 14.478. Training.
[INFO] Rocket. Step: 8580000. Time Elapsed: 7683.858 s. Mean Reward: -33.181. Std of Reward: 15.002. Training.
[INFO] Rocket. Step: 8600000. Time Elapsed: 7706.456 s. Mean Reward: -33.916. Std of Reward: 12.521. Training.
[INFO] Rocket. Step: 8620000. Time Elapsed: 7721.875 s. Mean Reward: -32.623. Std of Reward: 15.212. Training.
[INFO] Rocket. Step: 8640000. Time Elapsed: 7743.737 s. Mean Reward: -32.143. Std of Reward: 16.127. Training.
[INFO] Rocket. Step: 8660000. Time Elapsed: 7759.788 s. Mean Reward: -33.651. Std of Reward: 14.403. Training.
[INFO] Rocket. Step: 8680000. Time Elapsed: 7780.635 s. Mean Reward: -33.104. Std of Reward: 16.043. Training.
[INFO] Rocket. Step: 8700000. Time Elapsed: 7797.366 s. Mean Reward: -34.232. Std of Reward: 14.765. Training.
[INFO] Rocket. Step: 8720000. Time Elapsed: 7819.010 s. Mean Reward: -31.123. Std of Reward: 17.578. Training.
[INFO] Rocket. Step: 8740000. Time Elapsed: 7835.606 s. Mean Reward: -31.801. Std of Reward: 16.650. Training.
[INFO] Rocket. Step: 8760000. Time Elapsed: 7858.176 s. Mean Reward: -35.383. Std of Reward: 11.107. Training.
[INFO] Rocket. Step: 8780000. Time Elapsed: 7873.172 s. Mean Reward: -33.269. Std of Reward: 14.343. Training.
[INFO] Rocket. Step: 8800000. Time Elapsed: 7896.914 s. Mean Reward: -35.833. Std of Reward: 11.755. Training.
[INFO] Rocket. Step: 8820000. Time Elapsed: 7910.949 s. Mean Reward: -33.300. Std of Reward: 15.921. Training.
[INFO] Rocket. Step: 8840000. Time Elapsed: 7927.257 s. Mean Reward: -32.277. Std of Reward: 17.332. Training.
[INFO] Rocket. Step: 8860000. Time Elapsed: 7949.867 s. Mean Reward: -31.260. Std of Reward: 20.189. Training.
[INFO] Rocket. Step: 8880000. Time Elapsed: 7965.913 s. Mean Reward: -31.643. Std of Reward: 17.171. Training.
[INFO] Rocket. Step: 8900000. Time Elapsed: 7987.457 s. Mean Reward: -32.754. Std of Reward: 15.985. Training.
[INFO] Rocket. Step: 8920000. Time Elapsed: 8004.197 s. Mean Reward: -30.827. Std of Reward: 17.372. Training.
[INFO] Rocket. Step: 8940000. Time Elapsed: 8026.184 s. Mean Reward: -33.414. Std of Reward: 16.156. Training.
[INFO] Rocket. Step: 8960000. Time Elapsed: 8041.789 s. Mean Reward: -32.828. Std of Reward: 14.842. Training.
[INFO] Rocket. Step: 8980000. Time Elapsed: 8063.366 s. Mean Reward: -34.777. Std of Reward: 12.503. Training.
[INFO] Rocket. Step: 9000000. Time Elapsed: 8079.004 s. Mean Reward: -33.483. Std of Reward: 14.794. Training.
[INFO] Exported results\L7\Rocket\Rocket-8999988.onnx
[INFO] Rocket. Step: 9020000. Time Elapsed: 8102.457 s. Mean Reward: -32.220. Std of Reward: 15.056. Training.
[INFO] Rocket. Step: 9040000. Time Elapsed: 8118.726 s. Mean Reward: -30.634. Std of Reward: 20.089. Training.
[INFO] Rocket. Step: 9060000. Time Elapsed: 8140.123 s. Mean Reward: -32.199. Std of Reward: 16.165. Training.
[INFO] Rocket. Step: 9080000. Time Elapsed: 8156.892 s. Mean Reward: -35.047. Std of Reward: 13.326. Training.
[INFO] Rocket. Step: 9100000. Time Elapsed: 8179.127 s. Mean Reward: -32.926. Std of Reward: 16.370. Training.
[INFO] Rocket. Step: 9120000. Time Elapsed: 8194.703 s. Mean Reward: -32.160. Std of Reward: 15.300. Training.
[INFO] Rocket. Step: 9140000. Time Elapsed: 8217.055 s. Mean Reward: -31.327. Std of Reward: 13.904. Training.
[INFO] Rocket. Step: 9160000. Time Elapsed: 8233.858 s. Mean Reward: -32.740. Std of Reward: 13.600. Training.
[INFO] Rocket. Step: 9180000. Time Elapsed: 8254.604 s. Mean Reward: -34.074. Std of Reward: 11.135. Training.
[INFO] Rocket. Step: 9200000. Time Elapsed: 8270.961 s. Mean Reward: -33.181. Std of Reward: 15.354. Training.
[INFO] Rocket. Step: 9220000. Time Elapsed: 8293.226 s. Mean Reward: -30.279. Std of Reward: 16.044. Training.
[INFO] Rocket. Step: 9240000. Time Elapsed: 8309.681 s. Mean Reward: -32.528. Std of Reward: 16.275. Training.
[INFO] Rocket. Step: 9260000. Time Elapsed: 8331.328 s. Mean Reward: -30.788. Std of Reward: 17.615. Training.
[INFO] Rocket. Step: 9280000. Time Elapsed: 8348.169 s. Mean Reward: -34.941. Std of Reward: 14.336. Training.
[INFO] Rocket. Step: 9300000. Time Elapsed: 8370.080 s. Mean Reward: -30.166. Std of Reward: 19.067. Training.
[INFO] Rocket. Step: 9320000. Time Elapsed: 8385.716 s. Mean Reward: -34.489. Std of Reward: 14.654. Training.
[INFO] Rocket. Step: 9340000. Time Elapsed: 8407.566 s. Mean Reward: -33.796. Std of Reward: 14.878. Training.
[INFO] Rocket. Step: 9360000. Time Elapsed: 8424.035 s. Mean Reward: -33.909. Std of Reward: 16.065. Training.
[INFO] Rocket. Step: 9380000. Time Elapsed: 8445.645 s. Mean Reward: -30.179. Std of Reward: 18.193. Training.
[INFO] Rocket. Step: 9400000. Time Elapsed: 8461.772 s. Mean Reward: -33.239. Std of Reward: 13.979. Training.
[INFO] Rocket. Step: 9420000. Time Elapsed: 8483.009 s. Mean Reward: -32.457. Std of Reward: 15.272. Training.
[INFO] Rocket. Step: 9440000. Time Elapsed: 8498.986 s. Mean Reward: -31.334. Std of Reward: 15.948. Training.
[INFO] Rocket. Step: 9460000. Time Elapsed: 8521.004 s. Mean Reward: -31.607. Std of Reward: 14.903. Training.
[INFO] Rocket. Step: 9480000. Time Elapsed: 8536.477 s. Mean Reward: -33.640. Std of Reward: 15.323. Training.
[INFO] Rocket. Step: 9500000. Time Elapsed: 8559.485 s. Mean Reward: -34.658. Std of Reward: 13.890. Training.
[INFO] Exported results\L7\Rocket\Rocket-9499905.onnx
[INFO] Rocket. Step: 9520000. Time Elapsed: 8574.308 s. Mean Reward: -32.126. Std of Reward: 17.567. Training.
[INFO] Rocket. Step: 9540000. Time Elapsed: 8598.846 s. Mean Reward: -32.119. Std of Reward: 17.345. Training.
[INFO] Rocket. Step: 9560000. Time Elapsed: 8613.083 s. Mean Reward: -30.219. Std of Reward: 16.764. Training.
[INFO] Rocket. Step: 9580000. Time Elapsed: 8628.831 s. Mean Reward: -33.316. Std of Reward: 14.264. Training.
[INFO] Rocket. Step: 9600000. Time Elapsed: 8651.141 s. Mean Reward: -32.767. Std of Reward: 14.556. Training.
[INFO] Rocket. Step: 9620000. Time Elapsed: 8667.025 s. Mean Reward: -32.081. Std of Reward: 15.443. Training.
[INFO] Rocket. Step: 9640000. Time Elapsed: 8689.330 s. Mean Reward: -34.482. Std of Reward: 16.358. Training.
[INFO] Rocket. Step: 9660000. Time Elapsed: 8704.239 s. Mean Reward: -30.884. Std of Reward: 15.801. Training.
[INFO] Rocket. Step: 9680000. Time Elapsed: 8726.333 s. Mean Reward: -32.445. Std of Reward: 14.953. Training.
[INFO] Rocket. Step: 9700000. Time Elapsed: 8743.176 s. Mean Reward: -27.971. Std of Reward: 19.301. Training.
[INFO] Rocket. Step: 9720000. Time Elapsed: 8764.700 s. Mean Reward: -30.728. Std of Reward: 18.375. Training.
[INFO] Rocket. Step: 9740000. Time Elapsed: 8780.782 s. Mean Reward: -32.843. Std of Reward: 15.211. Training.
[INFO] Rocket. Step: 9760000. Time Elapsed: 8803.337 s. Mean Reward: -32.119. Std of Reward: 17.008. Training.
[INFO] Rocket. Step: 9780000. Time Elapsed: 8818.994 s. Mean Reward: -34.236. Std of Reward: 14.027. Training.
[INFO] Rocket. Step: 9800000. Time Elapsed: 8841.132 s. Mean Reward: -33.499. Std of Reward: 15.715. Training.
[INFO] Rocket. Step: 9820000. Time Elapsed: 8857.040 s. Mean Reward: -34.176. Std of Reward: 13.026. Training.
[INFO] Rocket. Step: 9840000. Time Elapsed: 8878.397 s. Mean Reward: -31.101. Std of Reward: 14.235. Training.
[INFO] Rocket. Step: 9860000. Time Elapsed: 8894.450 s. Mean Reward: -32.220. Std of Reward: 15.630. Training.
[INFO] Rocket. Step: 9880000. Time Elapsed: 8916.402 s. Mean Reward: -32.641. Std of Reward: 13.458. Training.
[INFO] Rocket. Step: 9900000. Time Elapsed: 8932.695 s. Mean Reward: -32.526. Std of Reward: 14.966. Training.
[INFO] Rocket. Step: 9920000. Time Elapsed: 8955.087 s. Mean Reward: -30.909. Std of Reward: 16.930. Training.
[INFO] Rocket. Step: 9940000. Time Elapsed: 8970.960 s. Mean Reward: -30.388. Std of Reward: 19.581. Training.
[INFO] Rocket. Step: 9960000. Time Elapsed: 8993.494 s. Mean Reward: -31.399. Std of Reward: 17.582. Training.
[INFO] Rocket. Step: 9980000. Time Elapsed: 9010.143 s. Mean Reward: -29.557. Std of Reward: 18.288. Training.
[INFO] Rocket. Step: 10000000. Time Elapsed: 9031.879 s. Mean Reward: -33.014. Std of Reward: 13.690. Training.
[INFO] Exported results\L7\Rocket\Rocket-9999915.onnx
[INFO] Rocket. Step: 10020000. Time Elapsed: 9047.736 s. Mean Reward: -32.353. Std of Reward: 15.028. Training.
[INFO] Rocket. Step: 10040000. Time Elapsed: 9069.630 s. Mean Reward: -30.591. Std of Reward: 15.352. Training.
[INFO] Rocket. Step: 10060000. Time Elapsed: 9084.997 s. Mean Reward: -33.033. Std of Reward: 14.646. Training.
[INFO] Rocket. Step: 10080000. Time Elapsed: 9106.746 s. Mean Reward: -34.138. Std of Reward: 12.514. Training.
[INFO] Rocket. Step: 10100000. Time Elapsed: 9123.049 s. Mean Reward: -32.871. Std of Reward: 14.678. Training.
[INFO] Rocket. Step: 10120000. Time Elapsed: 9145.092 s. Mean Reward: -30.984. Std of Reward: 17.082. Training.
[INFO] Rocket. Step: 10140000. Time Elapsed: 9160.857 s. Mean Reward: -30.898. Std of Reward: 17.724. Training.
[INFO] Rocket. Step: 10160000. Time Elapsed: 9182.749 s. Mean Reward: -31.738. Std of Reward: 13.792. Training.
[INFO] Rocket. Step: 10180000. Time Elapsed: 9198.090 s. Mean Reward: -33.847. Std of Reward: 13.866. Training.
[INFO] Rocket. Step: 10200000. Time Elapsed: 9220.591 s. Mean Reward: -32.435. Std of Reward: 16.360. Training.
[INFO] Rocket. Step: 10220000. Time Elapsed: 9235.686 s. Mean Reward: -32.247. Std of Reward: 15.960. Training.
[INFO] Rocket. Step: 10240000. Time Elapsed: 9257.876 s. Mean Reward: -33.044. Std of Reward: 14.331. Training.
[INFO] Rocket. Step: 10260000. Time Elapsed: 9273.924 s. Mean Reward: -35.372. Std of Reward: 9.994. Training.
[INFO] Rocket. Step: 10280000. Time Elapsed: 9296.398 s. Mean Reward: -32.236. Std of Reward: 14.959. Training.
[INFO] Rocket. Step: 10300000. Time Elapsed: 9310.462 s. Mean Reward: -32.184. Std of Reward: 14.602. Training.
[INFO] Rocket. Step: 10320000. Time Elapsed: 9334.776 s. Mean Reward: -36.322. Std of Reward: 12.100. Training.
[INFO] Rocket. Step: 10340000. Time Elapsed: 9349.074 s. Mean Reward: -30.757. Std of Reward: 15.987. Training.
[INFO] Rocket. Step: 10360000. Time Elapsed: 9363.791 s. Mean Reward: -32.264. Std of Reward: 12.457. Training.
[INFO] Rocket. Step: 10380000. Time Elapsed: 9386.159 s. Mean Reward: -33.340. Std of Reward: 15.020. Training.
[INFO] Rocket. Step: 10400000. Time Elapsed: 9401.475 s. Mean Reward: -32.576. Std of Reward: 14.019. Training.
[INFO] Rocket. Step: 10420000. Time Elapsed: 9424.063 s. Mean Reward: -33.128. Std of Reward: 13.108. Training.
[INFO] Rocket. Step: 10440000. Time Elapsed: 9439.209 s. Mean Reward: -32.062. Std of Reward: 14.293. Training.
[INFO] Rocket. Step: 10460000. Time Elapsed: 9462.309 s. Mean Reward: -33.897. Std of Reward: 12.670. Training.
[INFO] Rocket. Step: 10480000. Time Elapsed: 9477.401 s. Mean Reward: -32.483. Std of Reward: 14.619. Training.
[INFO] Rocket. Step: 10500000. Time Elapsed: 9500.259 s. Mean Reward: -32.755. Std of Reward: 14.836. Training.
[INFO] Exported results\L7\Rocket\Rocket-10499812.onnx
[INFO] Rocket. Step: 10520000. Time Elapsed: 9515.620 s. Mean Reward: -29.679. Std of Reward: 16.068. Training.
[INFO] Rocket. Step: 10540000. Time Elapsed: 9538.549 s. Mean Reward: -31.298. Std of Reward: 14.886. Training.
[INFO] Rocket. Step: 10560000. Time Elapsed: 9554.716 s. Mean Reward: -34.080. Std of Reward: 12.600. Training.
[INFO] Rocket. Step: 10580000. Time Elapsed: 9576.528 s. Mean Reward: -34.158. Std of Reward: 13.776. Training.
[INFO] Rocket. Step: 10600000. Time Elapsed: 9592.986 s. Mean Reward: -33.576. Std of Reward: 14.266. Training.
[INFO] Rocket. Step: 10620000. Time Elapsed: 9615.008 s. Mean Reward: -34.255. Std of Reward: 12.896. Training.
[INFO] Rocket. Step: 10640000. Time Elapsed: 9630.911 s. Mean Reward: -33.064. Std of Reward: 14.701. Training.
[INFO] Rocket. Step: 10660000. Time Elapsed: 9653.790 s. Mean Reward: -32.102. Std of Reward: 16.468. Training.
[INFO] Rocket. Step: 10680000. Time Elapsed: 9668.749 s. Mean Reward: -32.753. Std of Reward: 14.649. Training.
[INFO] Rocket. Step: 10700000. Time Elapsed: 9690.895 s. Mean Reward: -33.321. Std of Reward: 13.673. Training.
[INFO] Rocket. Step: 10720000. Time Elapsed: 9707.126 s. Mean Reward: -35.062. Std of Reward: 11.227. Training.
[INFO] Rocket. Step: 10740000. Time Elapsed: 9729.781 s. Mean Reward: -31.227. Std of Reward: 16.343. Training.
[INFO] Rocket. Step: 10760000. Time Elapsed: 9745.449 s. Mean Reward: -35.658. Std of Reward: 13.489. Training.
[INFO] Rocket. Step: 10780000. Time Elapsed: 9767.601 s. Mean Reward: -31.724. Std of Reward: 14.763. Training.
[INFO] Rocket. Step: 10800000. Time Elapsed: 9782.971 s. Mean Reward: -31.720. Std of Reward: 16.806. Training.
[INFO] Rocket. Step: 10820000. Time Elapsed: 9805.705 s. Mean Reward: -31.440. Std of Reward: 16.017. Training.
[INFO] Rocket. Step: 10840000. Time Elapsed: 9822.167 s. Mean Reward: -31.308. Std of Reward: 16.133. Training.
[INFO] Rocket. Step: 10860000. Time Elapsed: 9843.960 s. Mean Reward: -28.679. Std of Reward: 17.375. Training.
[INFO] Rocket. Step: 10880000. Time Elapsed: 9859.551 s. Mean Reward: -31.682. Std of Reward: 15.783. Training.
[INFO] Rocket. Step: 10900000. Time Elapsed: 9881.084 s. Mean Reward: -33.436. Std of Reward: 14.975. Training.
[INFO] Rocket. Step: 10920000. Time Elapsed: 9896.458 s. Mean Reward: -33.534. Std of Reward: 12.618. Training.
[INFO] Rocket. Step: 10940000. Time Elapsed: 9919.505 s. Mean Reward: -29.386. Std of Reward: 16.664. Training.
[INFO] Rocket. Step: 10960000. Time Elapsed: 9935.506 s. Mean Reward: -31.490. Std of Reward: 15.541. Training.
[INFO] Rocket. Step: 10980000. Time Elapsed: 9957.803 s. Mean Reward: -33.483. Std of Reward: 16.494. Training.
[INFO] Rocket. Step: 11000000. Time Elapsed: 9974.013 s. Mean Reward: -28.941. Std of Reward: 18.833. Training.
[INFO] Exported results\L7\Rocket\Rocket-10999782.onnx
[INFO] Rocket. Step: 11020000. Time Elapsed: 9996.580 s. Mean Reward: -32.091. Std of Reward: 15.836. Training.
[INFO] Rocket. Step: 11040000. Time Elapsed: 10011.781 s. Mean Reward: -31.465. Std of Reward: 16.621. Training.
[INFO] Rocket. Step: 11060000. Time Elapsed: 10027.745 s. Mean Reward: -31.931. Std of Reward: 15.973. Training.
[INFO] Rocket. Step: 11080000. Time Elapsed: 10049.632 s. Mean Reward: -31.027. Std of Reward: 16.348. Training.
[INFO] Rocket. Step: 11100000. Time Elapsed: 10065.902 s. Mean Reward: -31.647. Std of Reward: 15.042. Training.
[INFO] Rocket. Step: 11120000. Time Elapsed: 10088.855 s. Mean Reward: -29.594. Std of Reward: 17.663. Training.
[INFO] Rocket. Step: 11140000. Time Elapsed: 10104.918 s. Mean Reward: -31.340. Std of Reward: 16.834. Training.
[INFO] Rocket. Step: 11160000. Time Elapsed: 10127.636 s. Mean Reward: -33.133. Std of Reward: 16.783. Training.
[INFO] Rocket. Step: 11180000. Time Elapsed: 10142.223 s. Mean Reward: -33.186. Std of Reward: 14.748. Training.
[INFO] Rocket. Step: 11200000. Time Elapsed: 10164.889 s. Mean Reward: -32.629. Std of Reward: 15.831. Training.
[INFO] Rocket. Step: 11220000. Time Elapsed: 10180.314 s. Mean Reward: -32.742. Std of Reward: 13.549. Training.
[INFO] Rocket. Step: 11240000. Time Elapsed: 10203.991 s. Mean Reward: -31.917. Std of Reward: 16.656. Training.
[INFO] Rocket. Step: 11260000. Time Elapsed: 10219.329 s. Mean Reward: -31.425. Std of Reward: 18.239. Training.
[INFO] Rocket. Step: 11280000. Time Elapsed: 10241.583 s. Mean Reward: -32.305. Std of Reward: 14.352. Training.
[INFO] Rocket. Step: 11300000. Time Elapsed: 10257.799 s. Mean Reward: -31.571. Std of Reward: 18.845. Training.
[INFO] Rocket. Step: 11320000. Time Elapsed: 10280.096 s. Mean Reward: -33.353. Std of Reward: 14.207. Training.
[INFO] Rocket. Step: 11340000. Time Elapsed: 10295.889 s. Mean Reward: -31.436. Std of Reward: 17.753. Training.
[INFO] Rocket. Step: 11360000. Time Elapsed: 10318.199 s. Mean Reward: -30.100. Std of Reward: 18.352. Training.
[INFO] Rocket. Step: 11380000. Time Elapsed: 10333.638 s. Mean Reward: -30.666. Std of Reward: 15.813. Training.
[INFO] Rocket. Step: 11400000. Time Elapsed: 10355.147 s. Mean Reward: -31.802. Std of Reward: 14.591. Training.
[INFO] Rocket. Step: 11420000. Time Elapsed: 10370.900 s. Mean Reward: -34.382. Std of Reward: 11.799. Training.
[INFO] Rocket. Step: 11440000. Time Elapsed: 10392.760 s. Mean Reward: -33.775. Std of Reward: 13.258. Training.
[INFO] Rocket. Step: 11460000. Time Elapsed: 10409.060 s. Mean Reward: -30.874. Std of Reward: 17.475. Training.
[INFO] Rocket. Step: 11480000. Time Elapsed: 10430.840 s. Mean Reward: -31.630. Std of Reward: 14.993. Training.
[INFO] Rocket. Step: 11500000. Time Elapsed: 10446.662 s. Mean Reward: -34.468. Std of Reward: 13.222. Training.
[INFO] Exported results\L7\Rocket\Rocket-11499955.onnx
[INFO] Rocket. Step: 11520000. Time Elapsed: 10468.307 s. Mean Reward: -31.520. Std of Reward: 14.029. Training.
[INFO] Rocket. Step: 11540000. Time Elapsed: 10483.653 s. Mean Reward: -32.413. Std of Reward: 14.322. Training.
[INFO] Rocket. Step: 11560000. Time Elapsed: 10506.534 s. Mean Reward: -30.350. Std of Reward: 16.319. Training.
[INFO] Rocket. Step: 11580000. Time Elapsed: 10521.928 s. Mean Reward: -31.621. Std of Reward: 16.896. Training.
[INFO] Rocket. Step: 11600000. Time Elapsed: 10544.703 s. Mean Reward: -31.220. Std of Reward: 16.672. Training.
[INFO] Rocket. Step: 11620000. Time Elapsed: 10560.093 s. Mean Reward: -30.918. Std of Reward: 14.737. Training.
[INFO] Rocket. Step: 11640000. Time Elapsed: 10582.396 s. Mean Reward: -31.025. Std of Reward: 15.199. Training.
[INFO] Rocket. Step: 11660000. Time Elapsed: 10597.470 s. Mean Reward: -32.740. Std of Reward: 15.586. Training.
[INFO] Rocket. Step: 11680000. Time Elapsed: 10620.434 s. Mean Reward: -31.095. Std of Reward: 17.065. Training.
[INFO] Rocket. Step: 11700000. Time Elapsed: 10635.532 s. Mean Reward: -30.474. Std of Reward: 16.315. Training.
[INFO] Rocket. Step: 11720000. Time Elapsed: 10658.053 s. Mean Reward: -29.342. Std of Reward: 16.978. Training.
[INFO] Rocket. Step: 11740000. Time Elapsed: 10673.590 s. Mean Reward: -29.789. Std of Reward: 16.246. Training.
[INFO] Rocket. Step: 11760000. Time Elapsed: 10695.991 s. Mean Reward: -30.680. Std of Reward: 17.279. Training.
[INFO] Rocket. Step: 11780000. Time Elapsed: 10710.574 s. Mean Reward: -32.284. Std of Reward: 12.574. Training.
[INFO] Rocket. Step: 11800000. Time Elapsed: 10726.153 s. Mean Reward: -31.812. Std of Reward: 14.589. Training.
[INFO] Rocket. Step: 11820000. Time Elapsed: 10748.678 s. Mean Reward: -32.076. Std of Reward: 14.805. Training.
[INFO] Rocket. Step: 11840000. Time Elapsed: 10764.415 s. Mean Reward: -32.348. Std of Reward: 15.887. Training.
[INFO] Rocket. Step: 11860000. Time Elapsed: 10787.345 s. Mean Reward: -28.405. Std of Reward: 16.510. Training.
[INFO] Rocket. Step: 11880000. Time Elapsed: 10802.815 s. Mean Reward: -31.758. Std of Reward: 16.948. Training.
[INFO] Rocket. Step: 11900000. Time Elapsed: 10824.777 s. Mean Reward: -29.514. Std of Reward: 19.272. Training.
[INFO] Rocket. Step: 11920000. Time Elapsed: 10840.355 s. Mean Reward: -29.622. Std of Reward: 17.929. Training.
[INFO] Rocket. Step: 11940000. Time Elapsed: 10863.150 s. Mean Reward: -32.707. Std of Reward: 15.390. Training.
[INFO] Rocket. Step: 11960000. Time Elapsed: 10879.233 s. Mean Reward: -28.169. Std of Reward: 19.231. Training.
[INFO] Rocket. Step: 11980000. Time Elapsed: 10901.065 s. Mean Reward: -30.654. Std of Reward: 14.305. Training.
[INFO] Rocket. Step: 12000000. Time Elapsed: 10916.433 s. Mean Reward: -31.371. Std of Reward: 14.449. Training.
[INFO] Exported results\L7\Rocket\Rocket-11999858.onnx
[INFO] Rocket. Step: 12020000. Time Elapsed: 10939.365 s. Mean Reward: -32.376. Std of Reward: 14.756. Training.
[INFO] Rocket. Step: 12040000. Time Elapsed: 10955.351 s. Mean Reward: -31.486. Std of Reward: 15.212. Training.
[INFO] Rocket. Step: 12060000. Time Elapsed: 10978.082 s. Mean Reward: -34.435. Std of Reward: 14.543. Training.
[INFO] Rocket. Step: 12080000. Time Elapsed: 10993.709 s. Mean Reward: -32.033. Std of Reward: 16.329. Training.
[INFO] Rocket. Step: 12100000. Time Elapsed: 11015.899 s. Mean Reward: -32.160. Std of Reward: 15.055. Training.
[INFO] Rocket. Step: 12120000. Time Elapsed: 11031.950 s. Mean Reward: -33.563. Std of Reward: 14.928. Training.
[INFO] Rocket. Step: 12140000. Time Elapsed: 11053.394 s. Mean Reward: -31.953. Std of Reward: 13.724. Training.
[INFO] Rocket. Step: 12160000. Time Elapsed: 11069.484 s. Mean Reward: -33.088. Std of Reward: 14.462. Training.
[INFO] Rocket. Step: 12180000. Time Elapsed: 11091.286 s. Mean Reward: -27.413. Std of Reward: 18.571. Training.
[INFO] Rocket. Step: 12200000. Time Elapsed: 11107.843 s. Mean Reward: -30.908. Std of Reward: 15.547. Training.
[INFO] Rocket. Step: 12220000. Time Elapsed: 11128.821 s. Mean Reward: -31.257. Std of Reward: 13.995. Training.
[INFO] Rocket. Step: 12240000. Time Elapsed: 11145.101 s. Mean Reward: -28.696. Std of Reward: 18.095. Training.
[INFO] Rocket. Step: 12260000. Time Elapsed: 11167.433 s. Mean Reward: -30.012. Std of Reward: 16.647. Training.
[INFO] Rocket. Step: 12280000. Time Elapsed: 11183.299 s. Mean Reward: -28.858. Std of Reward: 20.082. Training.
[INFO] Rocket. Step: 12300000. Time Elapsed: 11206.012 s. Mean Reward: -32.425. Std of Reward: 17.368. Training.
[INFO] Rocket. Step: 12320000. Time Elapsed: 11222.175 s. Mean Reward: -30.023. Std of Reward: 17.122. Training.
[INFO] Rocket. Step: 12340000. Time Elapsed: 11244.234 s. Mean Reward: -30.144. Std of Reward: 17.233. Training.
[INFO] Rocket. Step: 12360000. Time Elapsed: 11259.750 s. Mean Reward: -33.644. Std of Reward: 13.801. Training.
[INFO] Rocket. Step: 12380000. Time Elapsed: 11282.103 s. Mean Reward: -32.353. Std of Reward: 14.217. Training.
[INFO] Rocket. Step: 12400000. Time Elapsed: 11298.151 s. Mean Reward: -29.037. Std of Reward: 19.934. Training.
[INFO] Rocket. Step: 12420000. Time Elapsed: 11321.111 s. Mean Reward: -32.377. Std of Reward: 16.229. Training.
[INFO] Rocket. Step: 12440000. Time Elapsed: 11337.114 s. Mean Reward: -30.668. Std of Reward: 18.093. Training.
[INFO] Rocket. Step: 12460000. Time Elapsed: 11358.703 s. Mean Reward: -30.770. Std of Reward: 16.358. Training.
[INFO] Rocket. Step: 12480000. Time Elapsed: 11375.180 s. Mean Reward: -29.637. Std of Reward: 17.814. Training.
[INFO] Rocket. Step: 12500000. Time Elapsed: 11398.486 s. Mean Reward: -27.285. Std of Reward: 20.704. Training.
[INFO] Exported results\L7\Rocket\Rocket-12499912.onnx
[INFO] Rocket. Step: 12520000. Time Elapsed: 11414.266 s. Mean Reward: -31.025. Std of Reward: 17.602. Training.
[INFO] Rocket. Step: 12540000. Time Elapsed: 11431.268 s. Mean Reward: -26.814. Std of Reward: 18.522. Training.
[INFO] Rocket. Step: 12560000. Time Elapsed: 11453.613 s. Mean Reward: -32.158. Std of Reward: 16.922. Training.
[INFO] Rocket. Step: 12580000. Time Elapsed: 11470.173 s. Mean Reward: -32.589. Std of Reward: 16.348. Training.
[INFO] Rocket. Step: 12600000. Time Elapsed: 11492.093 s. Mean Reward: -31.187. Std of Reward: 17.216. Training.
[INFO] Rocket. Step: 12620000. Time Elapsed: 11508.424 s. Mean Reward: -31.264. Std of Reward: 16.987. Training.
[INFO] Rocket. Step: 12640000. Time Elapsed: 11530.665 s. Mean Reward: -30.383. Std of Reward: 19.301. Training.
[INFO] Rocket. Step: 12660000. Time Elapsed: 11547.464 s. Mean Reward: -30.909. Std of Reward: 17.140. Training.
[INFO] Rocket. Step: 12680000. Time Elapsed: 11569.034 s. Mean Reward: -30.134. Std of Reward: 19.208. Training.
[INFO] Rocket. Step: 12700000. Time Elapsed: 11585.359 s. Mean Reward: -31.679. Std of Reward: 14.915. Training.
[INFO] Rocket. Step: 12720000. Time Elapsed: 11607.039 s. Mean Reward: -30.577. Std of Reward: 15.751. Training.
[INFO] Rocket. Step: 12740000. Time Elapsed: 11622.777 s. Mean Reward: -33.209. Std of Reward: 13.937. Training.
[INFO] Rocket. Step: 12760000. Time Elapsed: 11644.867 s. Mean Reward: -27.686. Std of Reward: 17.723. Training.
[INFO] Rocket. Step: 12780000. Time Elapsed: 11662.017 s. Mean Reward: -31.829. Std of Reward: 17.389. Training.
[INFO] Rocket. Step: 12800000. Time Elapsed: 11685.978 s. Mean Reward: -28.308. Std of Reward: 17.543. Training.
[INFO] Rocket. Step: 12820000. Time Elapsed: 11702.516 s. Mean Reward: -31.915. Std of Reward: 17.158. Training.
[INFO] Rocket. Step: 12840000. Time Elapsed: 11725.860 s. Mean Reward: -30.422. Std of Reward: 15.863. Training.
[INFO] Rocket. Step: 12860000. Time Elapsed: 11743.334 s. Mean Reward: -30.774. Std of Reward: 17.601. Training.
[INFO] Rocket. Step: 12880000. Time Elapsed: 11766.685 s. Mean Reward: -31.099. Std of Reward: 17.003. Training.
[INFO] Rocket. Step: 12900000. Time Elapsed: 11786.492 s. Mean Reward: -27.149. Std of Reward: 19.868. Training.
[INFO] Rocket. Step: 12920000. Time Elapsed: 11810.592 s. Mean Reward: -26.410. Std of Reward: 20.440. Training.
[INFO] Rocket. Step: 12940000. Time Elapsed: 11828.964 s. Mean Reward: -30.646. Std of Reward: 16.813. Training.
[INFO] Rocket. Step: 12960000. Time Elapsed: 11853.090 s. Mean Reward: -33.436. Std of Reward: 14.472. Training.
[INFO] Rocket. Step: 12980000. Time Elapsed: 11870.241 s. Mean Reward: -30.964. Std of Reward: 15.255. Training.
[INFO] Rocket. Step: 13000000. Time Elapsed: 11893.067 s. Mean Reward: -28.995. Std of Reward: 17.372. Training.
[INFO] Exported results\L7\Rocket\Rocket-12999861.onnx
[INFO] Rocket. Step: 13020000. Time Elapsed: 11912.280 s. Mean Reward: -33.164. Std of Reward: 16.204. Training.
[INFO] Rocket. Step: 13040000. Time Elapsed: 11937.261 s. Mean Reward: -30.977. Std of Reward: 18.784. Training.
[INFO] Rocket. Step: 13060000. Time Elapsed: 11955.089 s. Mean Reward: -30.876. Std of Reward: 16.609. Training.
[INFO] Rocket. Step: 13080000. Time Elapsed: 11980.854 s. Mean Reward: -27.816. Std of Reward: 19.480. Training.
[INFO] Rocket. Step: 13100000. Time Elapsed: 11999.080 s. Mean Reward: -29.759. Std of Reward: 16.915. Training.
[INFO] Rocket. Step: 13120000. Time Elapsed: 12023.564 s. Mean Reward: -29.328. Std of Reward: 18.106. Training.
[INFO] Rocket. Step: 13140000. Time Elapsed: 12042.083 s. Mean Reward: -30.180. Std of Reward: 16.642. Training.
[INFO] Rocket. Step: 13160000. Time Elapsed: 12068.244 s. Mean Reward: -29.586. Std of Reward: 17.162. Training.
[INFO] Rocket. Step: 13180000. Time Elapsed: 12085.703 s. Mean Reward: -32.356. Std of Reward: 15.691. Training.
[INFO] Rocket. Step: 13200000. Time Elapsed: 12112.181 s. Mean Reward: -28.094. Std of Reward: 17.932. Training.
[INFO] Rocket. Step: 13220000. Time Elapsed: 12129.948 s. Mean Reward: -30.270. Std of Reward: 19.688. Training.
[INFO] Rocket. Step: 13240000. Time Elapsed: 12157.092 s. Mean Reward: -30.858. Std of Reward: 16.175. Training.
[INFO] Rocket. Step: 13260000. Time Elapsed: 12172.588 s. Mean Reward: -33.431. Std of Reward: 14.114. Training.
[INFO] Rocket. Step: 13280000. Time Elapsed: 12193.165 s. Mean Reward: -30.593. Std of Reward: 19.086. Training.
[INFO] Rocket. Step: 13300000. Time Elapsed: 12218.115 s. Mean Reward: -28.560. Std of Reward: 19.407. Training.
[INFO] Rocket. Step: 13320000. Time Elapsed: 12237.153 s. Mean Reward: -31.697. Std of Reward: 15.570. Training.
[INFO] Rocket. Step: 13340000. Time Elapsed: 12261.683 s. Mean Reward: -27.805. Std of Reward: 20.032. Training.
[INFO] Rocket. Step: 13360000. Time Elapsed: 12280.980 s. Mean Reward: -34.410. Std of Reward: 13.367. Training.
[INFO] Rocket. Step: 13380000. Time Elapsed: 12304.725 s. Mean Reward: -28.814. Std of Reward: 18.187. Training.
[INFO] Rocket. Step: 13400000. Time Elapsed: 12324.956 s. Mean Reward: -27.702. Std of Reward: 19.289. Training.
[INFO] Rocket. Step: 13420000. Time Elapsed: 12349.377 s. Mean Reward: -28.698. Std of Reward: 18.101. Training.
[INFO] Rocket. Step: 13440000. Time Elapsed: 12368.187 s. Mean Reward: -27.314. Std of Reward: 19.345. Training.
[INFO] Rocket. Step: 13460000. Time Elapsed: 12394.065 s. Mean Reward: -29.281. Std of Reward: 20.143. Training.
[INFO] Rocket. Step: 13480000. Time Elapsed: 12412.137 s. Mean Reward: -26.071. Std of Reward: 20.186. Training.
[INFO] Rocket. Step: 13500000. Time Elapsed: 12437.589 s. Mean Reward: -28.690. Std of Reward: 18.387. Training.
[INFO] Exported results\L7\Rocket\Rocket-13499828.onnx
[INFO] Rocket. Step: 13520000. Time Elapsed: 12454.083 s. Mean Reward: -30.145. Std of Reward: 20.057. Training.
[INFO] Rocket. Step: 13540000. Time Elapsed: 12477.857 s. Mean Reward: -30.768. Std of Reward: 17.110. Training.
[INFO] Rocket. Step: 13560000. Time Elapsed: 12494.660 s. Mean Reward: -33.526. Std of Reward: 14.255. Training.
[INFO] Rocket. Step: 13580000. Time Elapsed: 12518.997 s. Mean Reward: -30.278. Std of Reward: 16.257. Training.
[INFO] Rocket. Step: 13600000. Time Elapsed: 12535.854 s. Mean Reward: -28.060. Std of Reward: 17.407. Training.
[INFO] Rocket. Step: 13620000. Time Elapsed: 12560.112 s. Mean Reward: -30.098. Std of Reward: 17.487. Training.
[INFO] Rocket. Step: 13640000. Time Elapsed: 12576.572 s. Mean Reward: -32.445. Std of Reward: 15.383. Training.
[INFO] Rocket. Step: 13660000. Time Elapsed: 12601.418 s. Mean Reward: -28.882. Std of Reward: 19.425. Training.
[INFO] Rocket. Step: 13680000. Time Elapsed: 12619.065 s. Mean Reward: -30.275. Std of Reward: 20.727. Training.
[INFO] Rocket. Step: 13700000. Time Elapsed: 12643.620 s. Mean Reward: -28.697. Std of Reward: 17.491. Training.
[INFO] Rocket. Step: 13720000. Time Elapsed: 12659.777 s. Mean Reward: -29.346. Std of Reward: 19.201. Training.
[INFO] Rocket. Step: 13740000. Time Elapsed: 12683.366 s. Mean Reward: -30.613. Std of Reward: 17.035. Training.
[INFO] Rocket. Step: 13760000. Time Elapsed: 12700.923 s. Mean Reward: -32.059. Std of Reward: 15.688. Training.
[INFO] Rocket. Step: 13780000. Time Elapsed: 12725.317 s. Mean Reward: -30.019. Std of Reward: 17.308. Training.
[INFO] Rocket. Step: 13800000. Time Elapsed: 12743.642 s. Mean Reward: -27.461. Std of Reward: 21.003. Training.
[INFO] Rocket. Step: 13820000. Time Elapsed: 12767.076 s. Mean Reward: -27.724. Std of Reward: 19.760. Training.
[INFO] Rocket. Step: 13840000. Time Elapsed: 12783.913 s. Mean Reward: -28.288. Std of Reward: 19.188. Training.
[INFO] Rocket. Step: 13860000. Time Elapsed: 12807.825 s. Mean Reward: -28.188. Std of Reward: 17.321. Training.
[INFO] Rocket. Step: 13880000. Time Elapsed: 12824.685 s. Mean Reward: -28.838. Std of Reward: 18.842. Training.
[INFO] Rocket. Step: 13900000. Time Elapsed: 12849.283 s. Mean Reward: -33.507. Std of Reward: 13.341. Training.
[INFO] Rocket. Step: 13920000. Time Elapsed: 12865.555 s. Mean Reward: -29.138. Std of Reward: 18.413. Training.
[INFO] Rocket. Step: 13940000. Time Elapsed: 12889.010 s. Mean Reward: -32.272. Std of Reward: 15.918. Training.
[INFO] Rocket. Step: 13960000. Time Elapsed: 12906.315 s. Mean Reward: -33.258. Std of Reward: 13.544. Training.
[INFO] Rocket. Step: 13980000. Time Elapsed: 12930.183 s. Mean Reward: -31.210. Std of Reward: 18.389. Training.
[INFO] Rocket. Step: 14000000. Time Elapsed: 12946.395 s. Mean Reward: -27.043. Std of Reward: 19.338. Training.
[INFO] Exported results\L7\Rocket\Rocket-13999695.onnx
[INFO] Rocket. Step: 14020000. Time Elapsed: 12971.701 s. Mean Reward: -26.076. Std of Reward: 21.493. Training.
[INFO] Rocket. Step: 14040000. Time Elapsed: 12987.966 s. Mean Reward: -28.148. Std of Reward: 20.213. Training.
[INFO] Rocket. Step: 14060000. Time Elapsed: 13006.115 s. Mean Reward: -29.856. Std of Reward: 18.492. Training.
[INFO] Rocket. Step: 14080000. Time Elapsed: 13029.935 s. Mean Reward: -32.946. Std of Reward: 17.844. Training.
[INFO] Rocket. Step: 14100000. Time Elapsed: 13047.445 s. Mean Reward: -31.121. Std of Reward: 17.347. Training.
[INFO] Rocket. Step: 14120000. Time Elapsed: 13071.121 s. Mean Reward: -27.650. Std of Reward: 19.709. Training.
[INFO] Rocket. Step: 14140000. Time Elapsed: 13088.427 s. Mean Reward: -30.971. Std of Reward: 13.512. Training.
[INFO] Rocket. Step: 14160000. Time Elapsed: 13111.714 s. Mean Reward: -32.319. Std of Reward: 18.155. Training.
[INFO] Rocket. Step: 14180000. Time Elapsed: 13129.258 s. Mean Reward: -31.617. Std of Reward: 16.133. Training.
